build time -- 2022-07-16 01:23:45.669311
Name: DistGrid000	  Convention: customconvention2	  Purpose: custompurpose2	

Custom1	Custom2	Custom3	
