build time -- 2022-07-18 02:45:54
  Beginning Test, file ESMF_InfoGetInterfaceArrayUTest.F90, line 61
  NUMBER_OF_PROCESSORS           4
  Beginning Test, file ESMF_InfoGetInterfaceArrayUTest.F90, line 61
  NUMBER_OF_PROCESSORS           4
  Beginning Test, file ESMF_InfoGetInterfaceArrayUTest.F90, line 61
  NUMBER_OF_PROCESSORS           4
  Beginning Test, file ESMF_InfoGetInterfaceArrayUTest.F90, line 61
  NUMBER_OF_PROCESSORS           4
  PASS  Get and manipulate an Array attribute, ESMF_InfoGetInterfaceArrayUTest.F
 90, line 117
  PASS  Deleting a host object and using a handle/view, ESMF_InfoGetInterfaceArr
 ayUTest.F90, line 142
  Ending Test, file ESMF_InfoGetInterfaceArrayUTest.F90, line 149
  PASS  Get and manipulate an Array attribute, ESMF_InfoGetInterfaceArrayUTest.F
 90, line 117
  PASS  Deleting a host object and using a handle/view, ESMF_InfoGetInterfaceArr
 ayUTest.F90, line 142
  Ending Test, file ESMF_InfoGetInterfaceArrayUTest.F90, line 149
  PASS  Get and manipulate an Array attribute, ESMF_InfoGetInterfaceArrayUTest.F
 90, line 117
  PASS  Deleting a host object and using a handle/view, ESMF_InfoGetInterfaceArr
 ayUTest.F90, line 142
  Ending Test, file ESMF_InfoGetInterfaceArrayUTest.F90, line 149
  PASS  Get and manipulate an Array attribute, ESMF_InfoGetInterfaceArrayUTest.F
 90, line 117
  PASS  Deleting a host object and using a handle/view, ESMF_InfoGetInterfaceArr
 ayUTest.F90, line 142
  Ending Test, file ESMF_InfoGetInterfaceArrayUTest.F90, line 149
  PET           2  Test Elapsed Time    19.0030000000000       msec.
  PET           3  Test Elapsed Time    19.3860000000000       msec.
  PET           1  Test Elapsed Time    23.7860000000000       msec.
  PET           0  Test Elapsed Time    23.0260000000000       msec.
