build time -- 2022-07-18 07:11:49
[1658130110.537745] [h9c47:300033:0]         mxm.c:196  MXM  WARN  The 'ulimit -s' on the system is set to 'unlimited'. This may have negative performance implications. Please set the stack size to the default value (10240) 
[1658130110.542611] [h9c47:300033:0]         mxm.c:196  MXM  WARN  The 'ulimit -s' on the system is set to 'unlimited'. This may have negative performance implications. Please set the stack size to the default value (10240) 
[1658130110.537782] [h9c47:300031:0]         mxm.c:196  MXM  WARN  The 'ulimit -s' on the system is set to 'unlimited'. This may have negative performance implications. Please set the stack size to the default value (10240) 
[1658130110.542686] [h9c47:300031:0]         mxm.c:196  MXM  WARN  The 'ulimit -s' on the system is set to 'unlimited'. This may have negative performance implications. Please set the stack size to the default value (10240) 
[1658130110.530613] [h9c47:300030:0]         mxm.c:196  MXM  WARN  The 'ulimit -s' on the system is set to 'unlimited'. This may have negative performance implications. Please set the stack size to the default value (10240) 
[1658130110.535393] [h9c47:300030:0]         mxm.c:196  MXM  WARN  The 'ulimit -s' on the system is set to 'unlimited'. This may have negative performance implications. Please set the stack size to the default value (10240) 
[1658130110.530291] [h9c47:300032:0]         mxm.c:196  MXM  WARN  The 'ulimit -s' on the system is set to 'unlimited'. This may have negative performance implications. Please set the stack size to the default value (10240) 
[1658130110.535130] [h9c47:300032:0]         mxm.c:196  MXM  WARN  The 'ulimit -s' on the system is set to 'unlimited'. This may have negative performance implications. Please set the stack size to the default value (10240) 
  Beginning Test, file src/Superstructure/InfoAPI/tests/ESMF_InfoDescribeUTest.F90, line 51
  NUMBER_OF_PROCESSORS           4
  Beginning Test, file src/Superstructure/InfoAPI/tests/ESMF_InfoDescribeUTest.F90, line 51
  NUMBER_OF_PROCESSORS           4
  Beginning Test, file src/Superstructure/InfoAPI/tests/ESMF_InfoDescribeUTest.F90, line 51
  NUMBER_OF_PROCESSORS           4
  Beginning Test, file src/Superstructure/InfoAPI/tests/ESMF_InfoDescribeUTest.F90, line 51
  NUMBER_OF_PROCESSORS           4
  PASS  No double initialization, src/Superstructure/InfoAPI/tests/ESMF_InfoDescribeUTest.F90, line 71
  PASS  No double initialization, src/Superstructure/InfoAPI/tests/ESMF_InfoDescribeUTest.F90, line 71
  PASS  No double initialization, src/Superstructure/InfoAPI/tests/ESMF_InfoDescribeUTest.F90, line 71
  PASS  No double initialization, src/Superstructure/InfoAPI/tests/ESMF_InfoDescribeUTest.F90, line 71
  PASS  Initialize/Destroy, src/Superstructure/InfoAPI/tests/ESMF_InfoDescribeUTest.F90, line 85
  PASS  Initialize/Destroy, src/Superstructure/InfoAPI/tests/ESMF_InfoDescribeUTest.F90, line 85
  PASS  Initialize/Destroy, src/Superstructure/InfoAPI/tests/ESMF_InfoDescribeUTest.F90, line 85
  PASS  Initialize/Destroy, src/Superstructure/InfoAPI/tests/ESMF_InfoDescribeUTest.F90, line 85
  PASS  Initialize behavior, src/Superstructure/InfoAPI/tests/ESMF_InfoDescribeUTest.F90, line 110
  PASS  Initialize behavior, src/Superstructure/InfoAPI/tests/ESMF_InfoDescribeUTest.F90, line 110
  PASS  Initialize behavior, src/Superstructure/InfoAPI/tests/ESMF_InfoDescribeUTest.F90, line 110
  PASS  Initialize behavior, src/Superstructure/InfoAPI/tests/ESMF_InfoDescribeUTest.F90, line 110
  PASS  Mesh is enabled, src/Superstructure/InfoAPI/tests/ESMF_InfoDescribeUTest.F90, line 146
  PASS  Mesh is enabled, src/Superstructure/InfoAPI/tests/ESMF_InfoDescribeUTest.F90, line 146
  PASS  Mesh is enabled, src/Superstructure/InfoAPI/tests/ESMF_InfoDescribeUTest.F90, line 146
  PASS  Mesh is enabled, src/Superstructure/InfoAPI/tests/ESMF_InfoDescribeUTest.F90, line 146
  Ending Test, file src/Superstructure/InfoAPI/tests/ESMF_InfoDescribeUTest.F90, line 153
  Ending Test, file src/Superstructure/InfoAPI/tests/ESMF_InfoDescribeUTest.F90, line 153
  Ending Test, file src/Superstructure/InfoAPI/tests/ESMF_InfoDescribeUTest.F90, line 153
  Ending Test, file src/Superstructure/InfoAPI/tests/ESMF_InfoDescribeUTest.F90, line 153
  PET           2  Test Elapsed Time    17.134000000000039       msec.
  PET           0  Test Elapsed Time    17.154000000000003       msec.
  PET           1  Test Elapsed Time    18.654000000000003       msec.
  PET           3  Test Elapsed Time    18.715999999999955       msec.
