build time -- 2022-06-16 00:27:44
  Beginning Test, file ESMF_AttributeUpdateComponentUTest.F90, line 442
  Beginning Test, file ESMF_AttributeUpdateComponentUTest.F90, line 442
  NUMBER_OF_PROCESSORS           8
  Beginning Test, file ESMF_AttributeUpdateComponentUTest.F90, line 442
  NUMBER_OF_PROCESSORS           8
  Beginning Test, file ESMF_AttributeUpdateComponentUTest.F90, line 442
  NUMBER_OF_PROCESSORS           8
  Beginning Test, file ESMF_AttributeUpdateComponentUTest.F90, line 442
  NUMBER_OF_PROCESSORS           8
  Beginning Test, file ESMF_AttributeUpdateComponentUTest.F90, line 442
  NUMBER_OF_PROCESSORS           8
  Beginning Test, file ESMF_AttributeUpdateComponentUTest.F90, line 442
  NUMBER_OF_PROCESSORS           8
  Beginning Test, file ESMF_AttributeUpdateComponentUTest.F90, line 442
  NUMBER_OF_PROCESSORS           8
  NUMBER_OF_PROCESSORS           8
  PASS  PET            0 : Getting an updated Attribute value from a Component test: value = value1, ESMF_AttributeUpdateComponentUTest.F90, line 526
  PASS  PET            1 : Getting an updated Attribute value from a Component test: value = value1, ESMF_AttributeUpdateComponentUTest.F90, line 526
  PASS  PET            2 : Getting an updated Attribute value from a Component test: value = value1, ESMF_AttributeUpdateComponentUTest.F90, line 526
  PASS  PET            2 : Getting an updated Attribute value from a Component test: value = value2, ESMF_AttributeUpdateComponentUTest.F90, line 533
  PASS  PET            4 : Getting an updated Attribute value from a Component test: value = value1, ESMF_AttributeUpdateComponentUTest.F90, line 526
  PASS  PET            4 : Getting an updated Attribute value from a Component test: value = value2, ESMF_AttributeUpdateComponentUTest.F90, line 533
  PASS  PET            5 : Getting an updated Attribute value from a Component test: value = value1, ESMF_AttributeUpdateComponentUTest.F90, line 526
  PASS  PET            5 : Getting an updated Attribute value from a Component test: value = value2, ESMF_AttributeUpdateComponentUTest.F90, line 533
  PASS  PET            5 : Getting an updated Attribute value from a Component test: value = value3, ESMF_AttributeUpdateComponentUTest.F90, line 540
  PASS  PET            6 : Getting an updated Attribute value from a Component test: value = value1, ESMF_AttributeUpdateComponentUTest.F90, line 526
  PASS  PET            6 : Getting an updated Attribute value from a Component test: value = value2, ESMF_AttributeUpdateComponentUTest.F90, line 533
  PASS  PET            6 : Getting an updated Attribute value from a Component test: value = value3, ESMF_AttributeUpdateComponentUTest.F90, line 540
  PASS  PET            0 : Getting an updated Attribute value from a Component test: value = value2, ESMF_AttributeUpdateComponentUTest.F90, line 533
  PASS  PET            0 : Getting an updated Attribute value from a Component test: value = value3, ESMF_AttributeUpdateComponentUTest.F90, line 540
  PASS  PET            1 : Getting an updated Attribute value from a Component test: value = value2, ESMF_AttributeUpdateComponentUTest.F90, line 533
  PASS  PET            1 : Getting an updated Attribute value from a Component test: value = value3, ESMF_AttributeUpdateComponentUTest.F90, line 540
  PASS  PET            2 : Getting an updated Attribute value from a Component test: value = value3, ESMF_AttributeUpdateComponentUTest.F90, line 540
  PASS  PET            3 : Getting an updated Attribute value from a Component test: value = value1, ESMF_AttributeUpdateComponentUTest.F90, line 526
  PASS  PET            3 : Getting an updated Attribute value from a Component test: value = value2, ESMF_AttributeUpdateComponentUTest.F90, line 533
  PASS  PET            3 : Getting an updated Attribute value from a Component test: value = value3, ESMF_AttributeUpdateComponentUTest.F90, line 540
  PASS  PET            4 : Getting an updated Attribute value from a Component test: value = value3, ESMF_AttributeUpdateComponentUTest.F90, line 540
  PASS  PET            7 : Getting an updated Attribute value from a Component test: value = value1, ESMF_AttributeUpdateComponentUTest.F90, line 526
  PASS  PET            7 : Getting an updated Attribute value from a Component test: value = value2, ESMF_AttributeUpdateComponentUTest.F90, line 533
  PASS  PET            7 : Getting an updated Attribute value from a Component test: value = value3, ESMF_AttributeUpdateComponentUTest.F90, line 540
  PASS  PET            3 : Getting a lone Attribute from a Component test: value = Lone Attribute, ESMF_AttributeUpdateComponentUTest.F90, line 547
  PASS  PET            5 : Getting a lone Attribute from a Component test: value = Lone Attribute, ESMF_AttributeUpdateComponentUTest.F90, line 547
  PASS  PET            6 : Getting a lone Attribute from a Component test: value = Lone Attribute, ESMF_AttributeUpdateComponentUTest.F90, line 547
  PASS  PET            7 : Getting a lone Attribute from a Component test: value = Lone Attribute, ESMF_AttributeUpdateComponentUTest.F90, line 547
  PASS  PET            0 : Getting a lone Attribute from a Component test: value = Lone Attribute, ESMF_AttributeUpdateComponentUTest.F90, line 547
  PASS  PET            1 : Getting a lone Attribute from a Component test: value = Lone Attribute, ESMF_AttributeUpdateComponentUTest.F90, line 547
  PASS  PET            2 : Getting a lone Attribute from a Component test: value = Lone Attribute, ESMF_AttributeUpdateComponentUTest.F90, line 547
  PASS  PET            4 : Getting a lone Attribute from a Component test: value = Lone Attribute, ESMF_AttributeUpdateComponentUTest.F90, line 547
  Ending Test, file ESMF_AttributeUpdateComponentUTest.F90, line 572
  Ending Test, file ESMF_AttributeUpdateComponentUTest.F90, line 572
  Ending Test, file ESMF_AttributeUpdateComponentUTest.F90, line 572
  Ending Test, file ESMF_AttributeUpdateComponentUTest.F90, line 572
  Ending Test, file ESMF_AttributeUpdateComponentUTest.F90, line 572
  Ending Test, file ESMF_AttributeUpdateComponentUTest.F90, line 572
  Ending Test, file ESMF_AttributeUpdateComponentUTest.F90, line 572
  Ending Test, file ESMF_AttributeUpdateComponentUTest.F90, line 572
  PET           6  Test Elapsed Time    62.275000000000006       msec.
  PET           3  Test Elapsed Time    62.297999999999995       msec.
  PET           4  Test Elapsed Time    62.933999999999990       msec.
  PET           5  Test Elapsed Time    62.965999999999994       msec.
  PET           7  Test Elapsed Time    63.033999999999992       msec.
  PET           2  Test Elapsed Time    63.086000000000006       msec.
  PET           0  Test Elapsed Time    43.682000000000002       msec.
  PET           1  Test Elapsed Time    62.370999999999995       msec.
