build time -- 2022-07-17 02:39:39
[1658044028.317771] [Orion-02-47:150672:0]       ib_verbs.h:84   UCX  ERROR ibv_exp_query_device(mlx5_0) returned 38: No space left on device
[1658044028.317798] [Orion-02-47:150674:0]       ib_verbs.h:84   UCX  ERROR ibv_exp_query_device(mlx5_0) returned 38: No space left on device
[1658044028.321368] [Orion-02-47:150673:0]       ib_verbs.h:84   UCX  ERROR ibv_exp_query_device(mlx5_0) returned 38: No space left on device
[1658044028.321413] [Orion-02-47:150671:0]       ib_verbs.h:84   UCX  ERROR ibv_exp_query_device(mlx5_0) returned 38: No space left on device
Beginning Test, file ESMC_TimeIntervalUTest.C, line 48
Beginning Test, file ESMC_TimeIntervalUTest.C, line 48NUMBER_OF_PROCESSORS 4
PASS Set a TimeInterval, ESMC_TimeIntervalUTest.C, line 57
PASS Print ESMC_TimeInterval object, ESMC_TimeIntervalUTest.C, line 65
PASS Get a TimeInterval, ESMC_TimeIntervalUTest.C, line 73
PASS Check that hour parameter is returned correctly, ESMC_TimeIntervalUTest.C, line 83
PASS Check that the integer sec. parameter is returned correctly, ESMC_TimeIntervalUTest.C, line 90
Ending Test, file ESMC_TimeIntervalUTest.C, line 96
Beginning Test, file ESMC_TimeIntervalUTest.C, line 48
Beginning Test, file ESMC_TimeIntervalUTest.C, line 48NUMBER_OF_PROCESSORS 4
Beginning Test, file ESMC_TimeIntervalUTest.C, line 48
Beginning Test, file ESMC_TimeIntervalUTest.C, line 48NUMBER_OF_PROCESSORS 4
PASS Set a TimeInterval, ESMC_TimeIntervalUTest.C, line 57
PASS Set a TimeInterval, ESMC_TimeIntervalUTest.C, line 57
PASS Print ESMC_TimeInterval object, ESMC_TimeIntervalUTest.C, line 65
PASS Print ESMC_TimeInterval object, ESMC_TimeIntervalUTest.C, line 65
PASS Get a TimeInterval, ESMC_TimeIntervalUTest.C, line 73
PASS Check that hour parameter is returned correctly, ESMC_TimeIntervalUTest.C, line 83
PASS Get a TimeInterval, ESMC_TimeIntervalUTest.C, line 73
PASS Check that hour parameter is returned correctly, ESMC_TimeIntervalUTest.C, line 83
PASS Check that the integer sec. parameter is returned correctly, ESMC_TimeIntervalUTest.C, line 90
Ending Test, file ESMC_TimeIntervalUTest.C, line 96
PASS Check that the integer sec. parameter is returned correctly, ESMC_TimeIntervalUTest.C, line 90
Ending Test, file ESMC_TimeIntervalUTest.C, line 96
Beginning Test, file ESMC_TimeIntervalUTest.C, line 48
Beginning Test, file ESMC_TimeIntervalUTest.C, line 48NUMBER_OF_PROCESSORS 4
PASS Set a TimeInterval, ESMC_TimeIntervalUTest.C, line 57
PASS Print ESMC_TimeInterval object, ESMC_TimeIntervalUTest.C, line 65
PASS Get a TimeInterval, ESMC_TimeIntervalUTest.C, line 73
PASS Check that hour parameter is returned correctly, ESMC_TimeIntervalUTest.C, line 83
PASS Check that the integer sec. parameter is returned correctly, ESMC_TimeIntervalUTest.C, line 90
Ending Test, file ESMC_TimeIntervalUTest.C, line 96
TimeInterval ---------------------------
P0Y0M0DT1H0M0S
end TimeInterval -----------------------

Ending Test, file ESMC_TimeIntervalUTest.C, line 96 PET 1 Test Elapsed Time 7.679 msec.
TimeInterval ---------------------------
P0Y0M0DT1H0M0S
end TimeInterval -----------------------

Ending Test, file ESMC_TimeIntervalUTest.C, line 96 PET 2 Test Elapsed Time 8.992 msec.
TimeInterval ---------------------------
P0Y0M0DT1H0M0S
end TimeInterval -----------------------

Ending Test, file ESMC_TimeIntervalUTest.C, line 96 PET 3 Test Elapsed Time 10.151 msec.
TimeInterval ---------------------------
P0Y0M0DT1H0M0S
end TimeInterval -----------------------

Ending Test, file ESMC_TimeIntervalUTest.C, line 96 PET 0 Test Elapsed Time 10.298 msec.
