build time -- 2022-06-27 01:06:01
Name: MyArrayBundle	  Convention: customconvention2	  Purpose: custompurpose2	


