build time -- 2022-07-17 03:32:33
Beginning Test, file ESMC_LocStreamUTest.C, line 53
Beginning Test, file ESMC_LocStreamUTest.C, line 53NUMBER_OF_PROCESSORS 4
Beginning Test, file ESMC_LocStreamUTest.C, line 53
Beginning Test, file ESMC_LocStreamUTest.C, line 53NUMBER_OF_PROCESSORS 4
Beginning Test, file ESMC_LocStreamUTest.C, line 53
Beginning Test, file ESMC_LocStreamUTest.C, line 53NUMBER_OF_PROCESSORS 4
Beginning Test, file ESMC_LocStreamUTest.C, line 53
Beginning Test, file ESMC_LocStreamUTest.C, line 53NUMBER_OF_PROCESSORS 4
PASS LocStreamCreateLocal, ESMC_LocStreamUTest.C, line 62
PASS LocStreamCreateLocal, ESMC_LocStreamUTest.C, line 62
PASS LocStreamCreateLocal, ESMC_LocStreamUTest.C, line 62
PASS LocStreamCreateLocal, ESMC_LocStreamUTest.C, line 62
PASS LocStreamAddKeyAlloc, ESMC_LocStreamUTest.C, line 70
PASS LocStreamAddKeyAlloc, ESMC_LocStreamUTest.C, line 70
PASS LocStreamGetKeyPtr, ESMC_LocStreamUTest.C, line 89
PASS LocStreamGetKeyPtr, ESMC_LocStreamUTest.C, line 99
PASS LocStreamAddKeyAlloc, ESMC_LocStreamUTest.C, line 70
PASS LocStreamGetKeyPtr, ESMC_LocStreamUTest.C, line 89
PASS LocStreamGetKeyPtr, ESMC_LocStreamUTest.C, line 99
PASS LocStreamGetBounds, ESMC_LocStreamUTest.C, line 107
PASS LocStreamGetBounds, ESMC_LocStreamUTest.C, line 107
PASS LocStreamAddKeyAlloc, ESMC_LocStreamUTest.C, line 70
PASS LocStreamGetKeyPtr, ESMC_LocStreamUTest.C, line 89
PASS LocStreamGetKeyPtr, ESMC_LocStreamUTest.C, line 89
PASS LocStreamGetKeyPtr, ESMC_LocStreamUTest.C, line 99
PASS LocStreamGetKeyPtr, ESMC_LocStreamUTest.C, line 99
PASS LocStreamGetBounds, ESMC_LocStreamUTest.C, line 107
PASS LocStreamGetBounds, ESMC_LocStreamUTest.C, line 107
PASS Create ESMC_Field object on LocStream, ESMC_LocStreamUTest.C, line 116
PASS Create ESMC_Field object on LocStream, ESMC_LocStreamUTest.C, line 116
PASS Destroy ESMC_Field object from LocStream, ESMC_LocStreamUTest.C, line 124
PASS Destroy ESMC_Field object from LocStream, ESMC_LocStreamUTest.C, line 124
PASS Create ESMC_Field object on LocStream, ESMC_LocStreamUTest.C, line 116
PASS Create ESMC_Field object on LocStream, ESMC_LocStreamUTest.C, line 116
PASS Destroy ESMC_LocStream object, ESMC_LocStreamUTest.C, line 132
PASS Destroy ESMC_LocStream object, ESMC_LocStreamUTest.C, line 132
PASS Destroy ESMC_Field object from LocStream, ESMC_LocStreamUTest.C, line 124
PASS Destroy ESMC_Field object from LocStream, ESMC_LocStreamUTest.C, line 124
Ending Test, file ESMC_LocStreamUTest.C, line 136
Ending Test, file ESMC_LocStreamUTest.C, line 136
PASS Destroy ESMC_LocStream object, ESMC_LocStreamUTest.C, line 132
PASS Destroy ESMC_LocStream object, ESMC_LocStreamUTest.C, line 132
Ending Test, file ESMC_LocStreamUTest.C, line 136
Ending Test, file ESMC_LocStreamUTest.C, line 136
Ending Test, file ESMC_LocStreamUTest.C, line 136 PET 0 Test Elapsed Time 4.704 msec.
Ending Test, file ESMC_LocStreamUTest.C, line 136 PET 1 Test Elapsed Time 6.062 msec.
Ending Test, file ESMC_LocStreamUTest.C, line 136 PET 2 Test Elapsed Time 3.33 msec.
Ending Test, file ESMC_LocStreamUTest.C, line 136 PET 3 Test Elapsed Time 4.722 msec.
