build time -- 2022-07-17 00:49:41
Name: gridcomp	  Convention: customconvention2	  Purpose: custompurpose2	


