build time -- 2022-07-16 01:20:22.446450
srun: cluster configuration lacks support for cpu binding
  Beginning Test, file ESMF_ArraySMMFromFileUTest.F90, line 104
  Beginning Test, file ESMF_ArraySMMFromFileUTest.F90, line 104
  NUMBER_OF_PROCESSORS           4
  PASS  ESMF_ArraySMMFromFile Unit Test, ESMF_ArraySMMFromFileUTest.F90, line 120
  PASS  ESMF_FieldSMMFromFile Unit Test, ESMF_ArraySMMFromFileUTest.F90, line 137
  Ending Test, file ESMF_ArraySMMFromFileUTest.F90, line 142
  Beginning Test, file ESMF_ArraySMMFromFileUTest.F90, line 104
  Beginning Test, file ESMF_ArraySMMFromFileUTest.F90, line 104
  NUMBER_OF_PROCESSORS           4
  PASS  ESMF_ArraySMMFromFile Unit Test, ESMF_ArraySMMFromFileUTest.F90, line 120
  PASS  ESMF_FieldSMMFromFile Unit Test, ESMF_ArraySMMFromFileUTest.F90, line 137
  Ending Test, file ESMF_ArraySMMFromFileUTest.F90, line 142
  NUMBER_OF_PROCESSORS           4
  PASS  ESMF_ArraySMMFromFile Unit Test, ESMF_ArraySMMFromFileUTest.F90, line 120
  PASS  ESMF_FieldSMMFromFile Unit Test, ESMF_ArraySMMFromFileUTest.F90, line 137
  Ending Test, file ESMF_ArraySMMFromFileUTest.F90, line 142
  NUMBER_OF_PROCESSORS           4
  PASS  ESMF_ArraySMMFromFile Unit Test, ESMF_ArraySMMFromFileUTest.F90, line 120
  PASS  ESMF_FieldSMMFromFile Unit Test, ESMF_ArraySMMFromFileUTest.F90, line 137
  Ending Test, file ESMF_ArraySMMFromFileUTest.F90, line 142
  PET           0  Test Elapsed Time    8.5329999999999853       msec.
  PET           1  Test Elapsed Time    9.1129999999999818       msec.
  PET           2  Test Elapsed Time    8.4440000000000062       msec.
  PET           3  Test Elapsed Time    7.4039999999999937       msec.
