build time -- 2022-06-29 01:29:27
  Beginning Test, file ESMF_FieldMeshSMMUTest.F90, line 54
  NUMBER_OF_PROCESSORS           4
  Beginning Test, file ESMF_FieldMeshSMMUTest.F90, line 54
  NUMBER_OF_PROCESSORS           4
  Beginning Test, file ESMF_FieldMeshSMMUTest.F90, line 54
  NUMBER_OF_PROCESSORS           4
  Beginning Test, file ESMF_FieldMeshSMMUTest.F90, line 54
  NUMBER_OF_PROCESSORS           4
  PASS  FieldMeshSMM test using localPet for both src and dst, with halos, ESMF_
 FieldMeshSMMUTest.F90, line 68
  Ending Test, file ESMF_FieldMeshSMMUTest.F90, line 71
  PASS  FieldMeshSMM test using localPet for both src and dst, with halos, ESMF_
 FieldMeshSMMUTest.F90, line 68
  Ending Test, file ESMF_FieldMeshSMMUTest.F90, line 71
  PET           1  Test Elapsed Time    2.58300000000000       msec.
  PASS  FieldMeshSMM test using localPet for both src and dst, with halos, ESMF_
 FieldMeshSMMUTest.F90, line 68
  Ending Test, file ESMF_FieldMeshSMMUTest.F90, line 71
  PET           2  Test Elapsed Time    2.82100000000000       msec.
  PASS  FieldMeshSMM test using localPet for both src and dst, with halos, ESMF_
 FieldMeshSMMUTest.F90, line 68
  Ending Test, file ESMF_FieldMeshSMMUTest.F90, line 71
  PET           3  Test Elapsed Time    2.83800000000000       msec.
  PET           0  Test Elapsed Time    2.89400000000000       msec.
