build time -- 2022-06-17 02:19:03.442734
  Beginning Test, file ESMF_TraceClkMonoSyncUTest.F90, line 63
  Beginning Test, file ESMF_TraceClkMonoSyncUTest.F90, line 63
  Beginning Test, file ESMF_TraceClkMonoSyncUTest.F90, line 63
  Beginning Test, file ESMF_TraceClkMonoSyncUTest.F90, line 63
  NUMBER_OF_PROCESSORS           4
  NUMBER_OF_PROCESSORS           4
  NUMBER_OF_PROCESSORS           4
  NUMBER_OF_PROCESSORS           4
  PASS  Test trace user region enter, ESMF_TraceClkMonoSyncUTest.F90, line 79
  PASS  Test trace user region enter, ESMF_TraceClkMonoSyncUTest.F90, line 79
  PASS  Test trace user region enter, ESMF_TraceClkMonoSyncUTest.F90, line 79
  PASS  Test trace user region enter, ESMF_TraceClkMonoSyncUTest.F90, line 79
  PASS  Test trace user region exit, ESMF_TraceClkMonoSyncUTest.F90, line 87
  PASS  Test trace user region exit, ESMF_TraceClkMonoSyncUTest.F90, line 87
  PASS  Test trace user region exit, ESMF_TraceClkMonoSyncUTest.F90, line 87
  PASS  Test trace user region exit, ESMF_TraceClkMonoSyncUTest.F90, line 87
  PASS  Test trace memory usage, ESMF_TraceClkMonoSyncUTest.F90, line 95
  PASS  Test trace memory usage, ESMF_TraceClkMonoSyncUTest.F90, line 95
  PASS  Test trace memory usage, ESMF_TraceClkMonoSyncUTest.F90, line 95
  PASS  Test trace memory usage, ESMF_TraceClkMonoSyncUTest.F90, line 95
  PASS  Close trace, ESMF_TraceClkMonoSyncUTest.F90, line 106
  PASS  Close trace, ESMF_TraceClkMonoSyncUTest.F90, line 106
  PASS  Close trace, ESMF_TraceClkMonoSyncUTest.F90, line 106
  PASS  Close trace, ESMF_TraceClkMonoSyncUTest.F90, line 106
  PASS  Verify trace metadata exists, ESMF_TraceClkMonoSyncUTest.F90, line 134
  PASS  Verify trace metadata exists, ESMF_TraceClkMonoSyncUTest.F90, line 134
  PASS  Verify trace metadata exists, ESMF_TraceClkMonoSyncUTest.F90, line 134
  PASS  Verify trace metadata exists, ESMF_TraceClkMonoSyncUTest.F90, line 134
  PASS  Read trace metadata file, ESMF_TraceClkMonoSyncUTest.F90, line 153
  PASS  Read trace metadata file, ESMF_TraceClkMonoSyncUTest.F90, line 153
  PASS  Read trace metadata file, ESMF_TraceClkMonoSyncUTest.F90, line 153
  PASS  Validate trace metadata header, ESMF_TraceClkMonoSyncUTest.F90, line 164
  PASS  Validate trace metadata header, ESMF_TraceClkMonoSyncUTest.F90, line 164
  PASS  Validate trace metadata header, ESMF_TraceClkMonoSyncUTest.F90, line 164
 Attempt to open trace file: traceout/esmf_stream_0001
 Attempt to open trace file: traceout/esmf_stream_0002
 Attempt to open trace file: traceout/esmf_stream_0003
  PASS  Read trace metadata file, ESMF_TraceClkMonoSyncUTest.F90, line 153
  PASS  Verify trace stream file exists, ESMF_TraceClkMonoSyncUTest.F90, line 181
  PASS  Verify trace stream file exists, ESMF_TraceClkMonoSyncUTest.F90, line 181
  PASS  Verify trace stream file exists, ESMF_TraceClkMonoSyncUTest.F90, line 181
  PASS  Validate trace metadata header, ESMF_TraceClkMonoSyncUTest.F90, line 162
  Ending Test, file ESMF_TraceClkMonoSyncUTest.F90, line 187
  Ending Test, file ESMF_TraceClkMonoSyncUTest.F90, line 187
  Ending Test, file ESMF_TraceClkMonoSyncUTest.F90, line 187
 Attempt to open trace file: traceout/esmf_stream_0000
  PASS  Verify trace stream file exists, ESMF_TraceClkMonoSyncUTest.F90, line 181
  Ending Test, file ESMF_TraceClkMonoSyncUTest.F90, line 187
  PET           2  Test Elapsed Time    5000.7560000000003       msec.
  PET           0  Test Elapsed Time    5000.1310000000003       msec.
  PET           1  Test Elapsed Time    5000.6819999999998       msec.
  PET           3  Test Elapsed Time    5000.5960000000005       msec.
