build time -- 2022-07-19 02:52:37.821374
 --------------------------------------- 
 Start of  System Test ESMF_AttributeSTest
 --------------------------------------- 
 --------------------------------------- 
 End of  System Test ESMF_AttributeSTest
 --------------------------------------- 
 
  System Test ESMF_AttributeSTest
  SUCCESS:  System Test ESMF_AttributeSTest finished correctly.
 
  PASS  System Test ESMF_AttributeSTest, ESMF_AttributeSTest.F90, line 388
 
  System Test ESMF_AttributeSTest
  SUCCESS:  System Test ESMF_AttributeSTest finished correctly.
 
 
  System Test ESMF_AttributeSTest
  SUCCESS:  System Test ESMF_AttributeSTest finished correctly.
 
  PASS  System Test ESMF_AttributeSTest, ESMF_AttributeSTest.F90, line 388
  PASS  System Test ESMF_AttributeSTest, ESMF_AttributeSTest.F90, line 388
 
  System Test ESMF_AttributeSTest
  SUCCESS:  System Test ESMF_AttributeSTest finished correctly.
 
  PASS  System Test ESMF_AttributeSTest, ESMF_AttributeSTest.F90, line 388
 
  System Test ESMF_AttributeSTest
  SUCCESS:  System Test ESMF_AttributeSTest finished correctly.
 
  PASS  System Test ESMF_AttributeSTest, ESMF_AttributeSTest.F90, line 388
 
  System Test ESMF_AttributeSTest
  SUCCESS:  System Test ESMF_AttributeSTest finished correctly.
 
  PASS  System Test ESMF_AttributeSTest, ESMF_AttributeSTest.F90, line 388
