build time -- 2022-07-16 03:01:38.670263
Name: DistGrid000	  Convention: customconvention2	  Purpose: custompurpose2	

Custom1	Custom2	Custom3	
