build time -- 2022-06-19 02:34:59
Beginning Test, file ESMCI_ExceptionsUTest.C, line 63
Beginning Test, file ESMCI_ExceptionsUTest.C, line 63NUMBER_OF_PROCESSORS 4
PASS Bare throw Test, ESMCI_ExceptionsUTest.C, line 76
PASS Deep throw Test, ESMCI_ExceptionsUTest.C, line 89
Beginning Test, file ESMCI_ExceptionsUTest.C, line 63
PASS ClassNoDestructor throw Test, ESMCI_ExceptionsUTest.C, line 102
Beginning Test, file ESMCI_ExceptionsUTest.C, line 63NUMBER_OF_PROCESSORS 4
Beginning Test, file ESMCI_ExceptionsUTest.C, line 63
PASS ClassWithDestructor throw Test, ESMCI_ExceptionsUTest.C, line 115
Beginning Test, file ESMCI_ExceptionsUTest.C, line 63NUMBER_OF_PROCESSORS 4
Beginning Test, file ESMCI_ExceptionsUTest.C, line 63
Beginning Test, file ESMCI_ExceptionsUTest.C, line 63NUMBER_OF_PROCESSORS 4
Ending Test, file ESMCI_ExceptionsUTest.C, line 119
PASS Bare throw Test, ESMCI_ExceptionsUTest.C, line 76
PASS Deep throw Test, ESMCI_ExceptionsUTest.C, line 89
PASS Bare throw Test, ESMCI_ExceptionsUTest.C, line 76
PASS ClassNoDestructor throw Test, ESMCI_ExceptionsUTest.C, line 102
PASS ClassWithDestructor throw Test, ESMCI_ExceptionsUTest.C, line 115
PASS Bare throw Test, ESMCI_ExceptionsUTest.C, line 76
PASS Deep throw Test, ESMCI_ExceptionsUTest.C, line 89
Ending Test, file ESMCI_ExceptionsUTest.C, line 119
PASS ClassNoDestructor throw Test, ESMCI_ExceptionsUTest.C, line 102
PASS Deep throw Test, ESMCI_ExceptionsUTest.C, line 89
PASS ClassWithDestructor throw Test, ESMCI_ExceptionsUTest.C, line 115
PASS ClassNoDestructor throw Test, ESMCI_ExceptionsUTest.C, line 102
Ending Test, file ESMCI_ExceptionsUTest.C, line 119
PASS ClassWithDestructor throw Test, ESMCI_ExceptionsUTest.C, line 115
Ending Test, file ESMCI_ExceptionsUTest.C, line 119
Ending Test, file ESMCI_ExceptionsUTest.C, line 119 PET 3 Test Elapsed Time 12.095 msec.
Ending Test, file ESMCI_ExceptionsUTest.C, line 119 PET 0 Test Elapsed Time 11.888 msec.
Ending Test, file ESMCI_ExceptionsUTest.C, line 119 PET 2 Test Elapsed Time 12.738 msec.
Ending Test, file ESMCI_ExceptionsUTest.C, line 119 PET 1 Test Elapsed Time 12.948 msec.
