build time -- 2022-06-20 02:48:04.172896
Beginning Test, file ESMC_Proj4UTest.C, line 49
Beginning Test, file ESMC_Proj4UTest.C, line 49NUMBER_OF_PROCESSORS 1
PASS PROJ.4 rotated pole transform test, ESMC_Proj4UTest.C, line 119
Ending Test, file ESMC_Proj4UTest.C, line 123
Ending Test, file ESMC_Proj4UTest.C, line 123 PET 0 Test Elapsed Time 0.861 msec.
