build time -- 2022-06-27 02:57:48.908316
  Beginning Test, file ESMF_DELayoutWorkQueueUTest.F90, line 170
  Beginning Test, file ESMF_DELayoutWorkQueueUTest.F90, line 170
  Beginning Test, file ESMF_DELayoutWorkQueueUTest.F90, line 170
  Beginning Test, file ESMF_DELayoutWorkQueueUTest.F90, line 170
  NUMBER_OF_PROCESSORS           4
  NUMBER_OF_PROCESSORS           4
  NUMBER_OF_PROCESSORS           4
  NUMBER_OF_PROCESSORS           4
  PASS  GridCompCreate() - round 1, ESMF_DELayoutWorkQueueUTest.F90, line 187
  PASS  GridCompCreate() - round 1, ESMF_DELayoutWorkQueueUTest.F90, line 187
  PASS  GridCompCreate() - round 1, ESMF_DELayoutWorkQueueUTest.F90, line 187
  PASS  GridCompCreate() - round 1, ESMF_DELayoutWorkQueueUTest.F90, line 187
  PASS  GridCompSetServices() - round 1, ESMF_DELayoutWorkQueueUTest.F90, line 1
 93
  PASS  GridCompSetServices() - round 1, ESMF_DELayoutWorkQueueUTest.F90, line 1
 93
  PASS  GridCompSetServices() - round 1, ESMF_DELayoutWorkQueueUTest.F90, line 1
 93
  PASS  GridCompSetServices() - round 1, ESMF_DELayoutWorkQueueUTest.F90, line 1
 93
  PASS  Run work queue - round 1, ESMF_DELayoutWorkQueueUTest.F90, line 201
  PASS  Run work queue - round 1, ESMF_DELayoutWorkQueueUTest.F90, line 201
 <round 1> PET            0  time:   2.620220184326172E-004
 <round 1> PET            3  time:   2.751350402832031E-004
  PASS  GridCompDestroy() - round 1, ESMF_DELayoutWorkQueueUTest.F90, line 209
  PASS  GridCompDestroy() - round 1, ESMF_DELayoutWorkQueueUTest.F90, line 209
  PASS  Run work queue - round 1, ESMF_DELayoutWorkQueueUTest.F90, line 201
 <round 1> PET            1  time:    4.02878308296204     
  PASS  GridCompDestroy() - round 1, ESMF_DELayoutWorkQueueUTest.F90, line 209
  PASS  Run work queue - round 1, ESMF_DELayoutWorkQueueUTest.F90, line 201
 <round 1> PET            2  time:    6.02892494201660     
  PASS  GridCompDestroy() - round 1, ESMF_DELayoutWorkQueueUTest.F90, line 209
  PASS  GridCompCreate() - round 2, ESMF_DELayoutWorkQueueUTest.F90, line 217
  PASS  GridCompCreate() - round 2, ESMF_DELayoutWorkQueueUTest.F90, line 217
  PASS  GridCompCreate() - round 2, ESMF_DELayoutWorkQueueUTest.F90, line 217
  PASS  GridCompCreate() - round 2, ESMF_DELayoutWorkQueueUTest.F90, line 217
 *** hi from mygcomp_setvm_withthreads ***
 *** hi from mygcomp_setvm_withthreads ***
 *** hi from mygcomp_setvm_withthreads ***
 *** hi from mygcomp_setvm_withthreads ***
  PASS  GridCompSetVM() - round 2, ESMF_DELayoutWorkQueueUTest.F90, line 227
  PASS  GridCompSetVM() - round 2, ESMF_DELayoutWorkQueueUTest.F90, line 227
  PASS  GridCompSetVM() - round 2, ESMF_DELayoutWorkQueueUTest.F90, line 227
  PASS  GridCompSetVM() - round 2, ESMF_DELayoutWorkQueueUTest.F90, line 227
  PASS  GridCompSetServices() - round 2, ESMF_DELayoutWorkQueueUTest.F90, line 2
 33
  PASS  GridCompSetServices() - round 2, ESMF_DELayoutWorkQueueUTest.F90, line 2
 33
  PASS  GridCompSetServices() - round 2, ESMF_DELayoutWorkQueueUTest.F90, line 2
 33
  PASS  GridCompSetServices() - round 2, ESMF_DELayoutWorkQueueUTest.F90, line 2
 33
  PASS  Run work queue - round 2, ESMF_DELayoutWorkQueueUTest.F90, line 241
 <round 2> PET            3  time:    2.47610282897949     
  PASS  GridCompDestroy() - round 2, ESMF_DELayoutWorkQueueUTest.F90, line 249
  Ending Test, file ESMF_DELayoutWorkQueueUTest.F90, line 257
  PASS  Run work queue - round 2, ESMF_DELayoutWorkQueueUTest.F90, line 241
 <round 2> PET            2  time:    2.50261807441711     
  PASS  GridCompDestroy() - round 2, ESMF_DELayoutWorkQueueUTest.F90, line 249
  Ending Test, file ESMF_DELayoutWorkQueueUTest.F90, line 257
  PASS  Run work queue - round 2, ESMF_DELayoutWorkQueueUTest.F90, line 241
 <round 2> PET            1  time:    2.50691986083984     
  PASS  GridCompDestroy() - round 2, ESMF_DELayoutWorkQueueUTest.F90, line 249
  Ending Test, file ESMF_DELayoutWorkQueueUTest.F90, line 257
  PASS  Run work queue - round 2, ESMF_DELayoutWorkQueueUTest.F90, line 241
 <round 2> PET            0  time:    2.54237604141235     
  PASS  GridCompDestroy() - round 2, ESMF_DELayoutWorkQueueUTest.F90, line 249
  Ending Test, file ESMF_DELayoutWorkQueueUTest.F90, line 257
  PET           1  Test Elapsed Time    6067.07200000000       msec.
  PET           2  Test Elapsed Time    6070.79400000000       msec.
  PET           3  Test Elapsed Time    6098.08100000000       msec.
  PET           0  Test Elapsed Time    16061.1490000000       msec.
