build time -- 2022-07-03 06:10:20
[1656829461.256800] [h10c06:54884:0]         mxm.c:196  MXM  WARN  The 'ulimit -s' on the system is set to 'unlimited'. This may have negative performance implications. Please set the stack size to the default value (10240) 
[1656829461.261684] [h10c06:54884:0]         mxm.c:196  MXM  WARN  The 'ulimit -s' on the system is set to 'unlimited'. This may have negative performance implications. Please set the stack size to the default value (10240) 
[1656829461.247841] [h10c06:54885:0]         mxm.c:196  MXM  WARN  The 'ulimit -s' on the system is set to 'unlimited'. This may have negative performance implications. Please set the stack size to the default value (10240) 
[1656829461.252663] [h10c06:54885:0]         mxm.c:196  MXM  WARN  The 'ulimit -s' on the system is set to 'unlimited'. This may have negative performance implications. Please set the stack size to the default value (10240) 
[1656829461.247870] [h10c06:54883:0]         mxm.c:196  MXM  WARN  The 'ulimit -s' on the system is set to 'unlimited'. This may have negative performance implications. Please set the stack size to the default value (10240) 
[1656829461.252708] [h10c06:54883:0]         mxm.c:196  MXM  WARN  The 'ulimit -s' on the system is set to 'unlimited'. This may have negative performance implications. Please set the stack size to the default value (10240) 
[1656829461.256829] [h10c06:54882:0]         mxm.c:196  MXM  WARN  The 'ulimit -s' on the system is set to 'unlimited'. This may have negative performance implications. Please set the stack size to the default value (10240) 
[1656829461.261772] [h10c06:54882:0]         mxm.c:196  MXM  WARN  The 'ulimit -s' on the system is set to 'unlimited'. This may have negative performance implications. Please set the stack size to the default value (10240) 
  Beginning Test, file src/Superstructure/InfoAPI/tests/ESMF_InfoDescribeUTest.F90, line 51
  NUMBER_OF_PROCESSORS           4
  Beginning Test, file src/Superstructure/InfoAPI/tests/ESMF_InfoDescribeUTest.F90, line 51
  NUMBER_OF_PROCESSORS           4
  Beginning Test, file src/Superstructure/InfoAPI/tests/ESMF_InfoDescribeUTest.F90, line 51
  NUMBER_OF_PROCESSORS           4
  Beginning Test, file src/Superstructure/InfoAPI/tests/ESMF_InfoDescribeUTest.F90, line 51
  NUMBER_OF_PROCESSORS           4
  PASS  No double initialization, src/Superstructure/InfoAPI/tests/ESMF_InfoDescribeUTest.F90, line 71
  PASS  No double initialization, src/Superstructure/InfoAPI/tests/ESMF_InfoDescribeUTest.F90, line 71
  PASS  No double initialization, src/Superstructure/InfoAPI/tests/ESMF_InfoDescribeUTest.F90, line 71
  PASS  No double initialization, src/Superstructure/InfoAPI/tests/ESMF_InfoDescribeUTest.F90, line 71
  PASS  Initialize/Destroy, src/Superstructure/InfoAPI/tests/ESMF_InfoDescribeUTest.F90, line 85
  PASS  Initialize/Destroy, src/Superstructure/InfoAPI/tests/ESMF_InfoDescribeUTest.F90, line 85
  PASS  Initialize/Destroy, src/Superstructure/InfoAPI/tests/ESMF_InfoDescribeUTest.F90, line 85
  PASS  Initialize/Destroy, src/Superstructure/InfoAPI/tests/ESMF_InfoDescribeUTest.F90, line 85
  PASS  Initialize behavior, src/Superstructure/InfoAPI/tests/ESMF_InfoDescribeUTest.F90, line 110
  PASS  Initialize behavior, src/Superstructure/InfoAPI/tests/ESMF_InfoDescribeUTest.F90, line 110
  PASS  Initialize behavior, src/Superstructure/InfoAPI/tests/ESMF_InfoDescribeUTest.F90, line 110
  PASS  Initialize behavior, src/Superstructure/InfoAPI/tests/ESMF_InfoDescribeUTest.F90, line 110
  PASS  Mesh is enabled, src/Superstructure/InfoAPI/tests/ESMF_InfoDescribeUTest.F90, line 146
  PASS  Mesh is enabled, src/Superstructure/InfoAPI/tests/ESMF_InfoDescribeUTest.F90, line 146
  PASS  Mesh is enabled, src/Superstructure/InfoAPI/tests/ESMF_InfoDescribeUTest.F90, line 146
  Ending Test, file src/Superstructure/InfoAPI/tests/ESMF_InfoDescribeUTest.F90, line 153
  PASS  Mesh is enabled, src/Superstructure/InfoAPI/tests/ESMF_InfoDescribeUTest.F90, line 146
  Ending Test, file src/Superstructure/InfoAPI/tests/ESMF_InfoDescribeUTest.F90, line 153
  Ending Test, file src/Superstructure/InfoAPI/tests/ESMF_InfoDescribeUTest.F90, line 153
  Ending Test, file src/Superstructure/InfoAPI/tests/ESMF_InfoDescribeUTest.F90, line 153
  PET           1  Test Elapsed Time    19.908000000000037       msec.
  PET           2  Test Elapsed Time    17.913000000000011       msec.
  PET           0  Test Elapsed Time    16.795999999999978       msec.
  PET           3  Test Elapsed Time    19.863000000000021       msec.
