build time -- 2022-07-18 02:42:54
Name: unnamed000	  Convention: customconvention2	  Purpose: custompurpose2	

Custom1	Custom2	Custom3	
