build time -- 2022-07-17 01:30:45.884371
0:Beginning Test, file ESMC_BaseUTest.C, line 143
0:Beginning Test, file ESMC_BaseUTest.C, line 143NUMBER_OF_PROCESSORS 4
2:Beginning Test, file ESMC_BaseUTest.C, line 143
2:Beginning Test, file ESMC_BaseUTest.C, line 143NUMBER_OF_PROCESSORS 4
3:Beginning Test, file ESMC_BaseUTest.C, line 143
1:Beginning Test, file ESMC_BaseUTest.C, line 143
3:Beginning Test, file ESMC_BaseUTest.C, line 143NUMBER_OF_PROCESSORS 4
1:Beginning Test, file ESMC_BaseUTest.C, line 143NUMBER_OF_PROCESSORS 4
0:PASS testSerializeDeserialize, ESMC_BaseUTest.C, line 150
1:PASS testSerializeDeserialize, ESMC_BaseUTest.C, line 150
2:PASS testSerializeDeserialize, ESMC_BaseUTest.C, line 150
2:Ending Test, file ESMC_BaseUTest.C, line 154
3:PASS testSerializeDeserialize, ESMC_BaseUTest.C, line 150
3:Ending Test, file ESMC_BaseUTest.C, line 154
0:Ending Test, file ESMC_BaseUTest.C, line 154
1:Ending Test, file ESMC_BaseUTest.C, line 154
0:Ending Test, file ESMC_BaseUTest.C, line 154 PET 0 Test Elapsed Time 3.476 msec.
2:Ending Test, file ESMC_BaseUTest.C, line 154 PET 2 Test Elapsed Time 3.321 msec.
1:Ending Test, file ESMC_BaseUTest.C, line 154 PET 1 Test Elapsed Time 3.59 msec.
3:Ending Test, file ESMC_BaseUTest.C, line 154 PET 3 Test Elapsed Time 3.836 msec.
