build time -- 2022-06-20 01:09:39.998719
srun: cluster configuration lacks support for cpu binding
  Beginning Test, file ESMF_AttributeUpdateReconcileUTest.F90, line 383
  NUMBER_OF_PROCESSORS           2
  Beginning Test, file ESMF_AttributeUpdateReconcileUTest.F90, line 383
  NUMBER_OF_PROCESSORS           2
  PASS  PET            0 : Getting an updated Attribute value from a Component test: value = doodle, ESMF_AttributeUpdateReconcileUTest.F90, line 476
  PASS  PET            0 : Getting an updated Attribute value from a Component test: value = doodle, ESMF_AttributeUpdateReconcileUTest.F90, line 491
  Ending Test, file ESMF_AttributeUpdateReconcileUTest.F90, line 515
  PASS  PET            1 : Getting an updated Attribute value from a Component test: value = doodle, ESMF_AttributeUpdateReconcileUTest.F90, line 476
  PASS  PET            1 : Getting an updated Attribute value from a Component test: value = doodle, ESMF_AttributeUpdateReconcileUTest.F90, line 491
  Ending Test, file ESMF_AttributeUpdateReconcileUTest.F90, line 515
  PET           0  Test Elapsed Time    9.8779999999999983       msec.
  PET           1  Test Elapsed Time    13.356000000000007       msec.
