build time -- 2022-07-10 04:14:41
srun: Job 6558183 step creation temporarily disabled, retrying (Requested nodes are busy)
srun: Step created for job 6558183
MPI startup(): Warning: I_MPI_PMI_LIBRARY will be ignored since the hydra process manager was found
MPI startup(): Warning: I_MPI_PMI_LIBRARY will be ignored since the hydra process manager was found
MPI startup(): Warning: I_MPI_PMI_LIBRARY will be ignored since the hydra process manager was found
MPI startup(): Warning: I_MPI_PMI_LIBRARY will be ignored since the hydra process manager was found
  Beginning Test, file ESMF_InfoCacheUTest.F90, line 60
  Beginning Test, file ESMF_InfoCacheUTest.F90, line 60
  NUMBER_OF_PROCESSORS           4
  NUMBER_OF_PROCESSORS           4
  Beginning Test, file ESMF_InfoCacheUTest.F90, line 60
  NUMBER_OF_PROCESSORS           4
  Beginning Test, file ESMF_InfoCacheUTest.F90, line 60
  NUMBER_OF_PROCESSORS           4
  PASS  Initialize + Destroy, ESMF_InfoCacheUTest.F90, line 82
  PASS  Initialize + Destroy, ESMF_InfoCacheUTest.F90, line 82
  PASS  Initialize + Destroy, ESMF_InfoCacheUTest.F90, line 82
  PASS  Initialize + Destroy, ESMF_InfoCacheUTest.F90, line 82
  PASS  Update for State, ESMF_InfoCacheUTest.F90, line 164
  PASS  Update for State, ESMF_InfoCacheUTest.F90, line 164
  PASS  Update for State, ESMF_InfoCacheUTest.F90, line 164
  PASS  Update for State, ESMF_InfoCacheUTest.F90, line 164
  Ending Test, file ESMF_InfoCacheUTest.F90, line 194
  Ending Test, file ESMF_InfoCacheUTest.F90, line 194
  Ending Test, file ESMF_InfoCacheUTest.F90, line 194
  Ending Test, file ESMF_InfoCacheUTest.F90, line 194
  PET           1  Test Elapsed Time    9.42400000000000       msec.
  PET           0  Test Elapsed Time    9.26399999999999       msec.
  PET           2  Test Elapsed Time    9.18500000000000       msec.
  PET           3  Test Elapsed Time    9.31900000000001       msec.
