build time -- 2022-06-20 02:42:50.521808
 --------------------------------------- 
 --------------------------------------- 
 --------------------------------------- 
 --------------------------------------- 
 --------------------------------------- 
 --------------------------------------- 
 Start of  System Test ESMF_FieldBundleRegridPacked
 --------------------------------------- 
 Start of  System Test ESMF_FieldBundleRegridPacked
 --------------------------------------- 
 Start of  System Test ESMF_FieldBundleRegridPacked
 --------------------------------------- 
 Start of  System Test ESMF_FieldBundleRegridPacked
 --------------------------------------- 
 Start of  System Test ESMF_FieldBundleRegridPacked
 --------------------------------------- 
 Start of  System Test ESMF_FieldBundleRegridPacked
 --------------------------------------- 
 Created component user model 1rc =            0
 Created component user model 1rc =            0
 Created component user model 1rc =            0
 Created component user model 1rc =            0
 Created component user model 1rc =            0
 Created component user model 1rc =            0
 Created component user model 2rc =            0
 Created component user model 2rc =            0
 Created component user model 2rc =            0
 Created component user model 2rc =            0
 Created component user model 2rc =            0
 Created component user model 2rc =            0
 Created component user one-way coupler, rc =            0
 Created component user one-way coupler, rc =            0
 Comp Creates finished
 Created component user one-way coupler, rc =            0
 Comp Creates finished
 Comp Creates finished
 Created component user one-way coupler, rc =            0
 Comp Creates finished
 Created component user one-way coupler, rc =            0
 Comp Creates finished
 Created component user one-way coupler, rc =            0
 Comp Creates finished
 Comp1 SetVM finished, rc=             0
 Comp1 SetVM finished, rc=             0
 Comp1 SetVM finished, rc=             0
 Comp1 SetVM finished, rc=             0
 Comp1 SetVM finished, rc=             0
 Comp1 SetVM finished, rc=             0
 Comp1 SetServices finished, rc=             0
 Comp1 SetServices finished, rc=             0
 Comp2 SetVM finished, rc=             0
 Comp2 SetVM finished, rc=             0
 User Comp1 Register starting
 User Comp1 Register starting
 User Comp1 Register starting
 User Comp1 Register starting
 Registered Initialize, Run, and Finalize routines
 User Comp1 Register returning
 Registered Initialize, Run, and Finalize routines
 User Comp1 Register returning
 Registered Initialize, Run, and Finalize routines
 User Comp1 Register returning
 Registered Initialize, Run, and Finalize routines
 User Comp1 Register returning
 Comp1 SetServices finished, rc=             0
 Comp1 SetServices finished, rc=             0
 Comp1 SetServices finished, rc=             0
 Comp2 SetVM finished, rc=             0
 Comp1 SetServices finished, rc=             0
 Comp2 SetVM finished, rc=             0
 User Comp2 Register starting
 Registered Initialize, Run, and Finalize routines
 User Comp2 Register returning
 User Comp2 Register starting
 Registered Initialize, Run, and Finalize routines
 User Comp2 Register returning
 Comp2 SetVM finished, rc=             0
 Comp2 SetVM finished, rc=             0
 Comp2 SetServices finished, rc=             0
 Comp2 SetServices finished, rc=             0
 Comp2 SetServices finished, rc=             0
 Comp2 SetServices finished, rc=             0
 Comp2 SetServices finished, rc=             0
 Comp2 SetServices finished, rc=             0
 Cpl SetVM finished, rc=             0
 Cpl SetVM finished, rc=             0
 Cpl SetVM finished, rc=             0
 Cpl SetVM finished, rc=             0
 Cpl SetVM finished, rc=             0
 Cpl SetVM finished, rc=             0
 User Coupler Register starting
 User Coupler Register starting
 Registered Initialize, Run, and Finalize routines
 User Coupler Register starting
 Registered Initialize, Run, and Finalize routines
 User Coupler Register returning
 User Coupler Register starting
 Registered Initialize, Run, and Finalize routines
 User Coupler Register returning
 User Coupler Register starting
 Registered Initialize, Run, and Finalize routines
 User Coupler Register returning
 Cpl SetServices finished, rc=             0
 User Coupler Register starting
 Registered Initialize, Run, and Finalize routines
 User Coupler Register returning
 Cpl SetServices finished, rc=             0
 Registered Initialize, Run, and Finalize routines
 User Coupler Register returning
 Cpl SetServices finished, rc=             0
 User Coupler Register returning
 Cpl SetServices finished, rc=             0
 Cpl SetServices finished, rc=             0
 Cpl SetServices finished, rc=             0
 Comp 1 Initialize finished, rc =            0            0
 Comp 1 Initialize finished, rc =            0            0
 User Comp1 Init starting
 User Comp1 Init starting
 User Comp1 Init starting
 User Comp1 Init starting
 User Comp2 Init starting
 User Comp2 Init starting
 User Comp1 Init returning
 User Comp1 Init returning
 Comp 1 Initialize finished, rc =            0            0
 Comp 1 Initialize finished, rc =            0            0
 Comp 2 Initialize finished, rc =            0            0
 Comp 2 Initialize finished, rc =            0            0
 User Comp1 Init returning
 Comp 1 Initialize finished, rc =            0            0
 User Coupler Init starting
 User Coupler Init starting
 Import State contains             1  items.
 Import State contains             1  items.
 Comp 2 Initialize finished, rc =            0            0
 User Comp1 Init returning
 Comp 1 Initialize finished, rc =            0            0
 User Coupler Init starting
 Import State contains             1  items.
 Comp 2 Initialize finished, rc =            0            0
 User Coupler Init starting
 Import State contains             1  items.
 User Comp2 Init returning
 Comp 2 Initialize finished, rc =            0            0
 User Coupler Init starting
 User Comp2 Init returning
 Import State contains             0  items.
 Comp 2 Initialize finished, rc =            0            0
 User Coupler Init starting
 Import State contains             0  items.
MPT ERROR: Rank 4(g:4) received signal SIGSEGV(11).
	Process ID: 72114, Host: r1i2n8, Program: /glade/scratch/dunlap/esmf-testing/nvhpc_22.2_mpt_g_develop/test/testg/Linux.nvhpc.64.mpt.default/ESMF_FieldBundleRegridPackedSTest
	MPT Version: HPE MPT 2.25  08/14/21 03:05:20

MPT: --------stack traceback-------
MPT: Attaching to program: /proc/72114/exe, process 72114
MPT: (No debugging symbols found in /usr/lib64/gcc/x86_64-suse-linux/4.8/../../../../lib64/libcurl.so.4)
MPT: Missing separate debuginfo for /glade/u/apps/ch/os/lib64/libm.so.6
MPT: Try: zypper install -C "debuginfo(build-id)=cc12cf31ea4a157ebc7ac7bdfc09d5bfa3e0f3e0"
MPT: (No debugging symbols found in /glade/u/apps/ch/os/lib64/libm.so.6)
MPT: Missing separate debuginfo for /glade/u/apps/ch/os/lib64/libdl.so.2
MPT: Try: zypper install -C "debuginfo(build-id)=86536433e7d5a205deca926f6f00436b2ff206b1"
MPT: (No debugging symbols found in /glade/u/apps/ch/os/lib64/libdl.so.2)
MPT: Missing separate debuginfo for /glade/u/apps/ch/os/lib64/librt.so.1
MPT: Try: zypper install -C "debuginfo(build-id)=e12cd7e73c31cb8765cba03a3c2f9efc2d043ff8"
MPT: (No debugging symbols found in /glade/u/apps/ch/os/lib64/librt.so.1)
MPT: Missing separate debuginfo for /glade/u/apps/ch/os/lib64/libpthread.so.0
MPT: Try: zypper install -C "debuginfo(build-id)=9fa703da2a52d78cc49877c18843db7b1ad9049b"
MPT: (No debugging symbols found in /glade/u/apps/ch/os/lib64/libpthread.so.0)
MPT: [Thread debugging using libthread_db enabled]
MPT: Using host libthread_db library "/glade/u/apps/ch/os/lib64/libthread_db.so.1".
MPT: (No debugging symbols found in /glade/u/apps/opt/nvhpc/22.2/Linux_x86_64/22.2/compilers/lib/libnvhpcatm.so)
MPT: (No debugging symbols found in /usr/lib64/gcc/x86_64-suse-linux/4.8/../../../../lib64/libstdc++.so.6)
MPT: (No debugging symbols found in /glade/u/apps/opt/nvhpc/22.2/Linux_x86_64/22.2/compilers/lib/libnvf.so)
MPT: (No debugging symbols found in /glade/u/apps/opt/nvhpc/22.2/Linux_x86_64/22.2/compilers/lib/libnvcpumath.so)
MPT: (No debugging symbols found in /glade/u/apps/opt/nvhpc/22.2/Linux_x86_64/22.2/compilers/lib/libnvc.so)
MPT: Missing separate debuginfo for /glade/u/apps/ch/os/lib64/libc.so.6
MPT: Try: zypper install -C "debuginfo(build-id)=72aaaa4006e91624304a210a7f945b61d3d643b4"
MPT: (No debugging symbols found in /glade/u/apps/ch/os/lib64/libc.so.6)
MPT: Missing separate debuginfo for /glade/u/apps/ch/os/lib64/libgcc_s.so.1
MPT: Try: zypper install -C "debuginfo(build-id)=c7e890ab90e29cffd785bf25e7d90f2f0af3a102"
MPT: (No debugging symbols found in /glade/u/apps/ch/os/lib64/libgcc_s.so.1)
MPT: (No debugging symbols found in /usr/lib64/gcc/x86_64-suse-linux/4.8/../../../../lib64/libatomic.so.1)
MPT: (No debugging symbols found in /usr/lib64/gcc/x86_64-suse-linux/4.8/../../../../lib64/libnghttp2.so.14)
MPT: (No debugging symbols found in /usr/lib64/gcc/x86_64-suse-linux/4.8/../../../../lib64/libssh.so.4)
MPT: Missing separate debuginfo for /glade/u/apps/ch/os/lib64/libssl.so.1.0.0
MPT: Try: zypper install -C "debuginfo(build-id)=7607ed9b6a82bfaecf5318ac9d65cae5a22865ef"
MPT: (No debugging symbols found in /glade/u/apps/ch/os/lib64/libssl.so.1.0.0)
MPT: Missing separate debuginfo for /glade/u/apps/ch/os/lib64/libcrypto.so.1.0.0
MPT: Try: zypper install -C "debuginfo(build-id)=63a385acb8b045f7cfa7b53e2d9bfb745edc1693"
MPT: (No debugging symbols found in /glade/u/apps/ch/os/lib64/libcrypto.so.1.0.0)
MPT: (No debugging symbols found in /usr/lib64/gcc/x86_64-suse-linux/4.8/../../../../lib64/libgssapi_krb5.so.2)
MPT: (No debugging symbols found in /usr/lib64/gcc/x86_64-suse-linux/4.8/../../../../lib64/libldap-2.4.so.2)
MPT: (No debugging symbols found in /usr/lib64/gcc/x86_64-suse-linux/4.8/../../../../lib64/liblber-2.4.so.2)
MPT: (No debugging symbols found in /lib64/ld-linux-x86-64.so.2)
MPT: (No debugging symbols found in /usr/lib64/gcc/x86_64-suse-linux/4.8/../../../../lib64/libkrb5.so.3)
MPT: (No debugging symbols found in /usr/lib64/gcc/x86_64-suse-linux/4.8/../../../../lib64/libk5crypto.so.3)
MPT: (No debugging symbols found in /usr/lib64/gcc/x86_64-suse-linux/4.8/../../../../lib64/libcom_err.so.2)
MPT: (No debugging symbols found in /usr/lib64/gcc/x86_64-suse-linux/4.8/../../../../lib64/libkrb5support.so.0)
MPT: Missing separate debuginfo for /glade/u/apps/ch/os/lib64/libresolv.so.2
MPT: Try: zypper install -C "debuginfo(build-id)=89f1290f62c61ee8f268234c5cff893c1e99c751"
MPT: (No debugging symbols found in /glade/u/apps/ch/os/lib64/libresolv.so.2)
MPT: (No debugging symbols found in /usr/lib64/gcc/x86_64-suse-linux/4.8/../../../../lib64/libsasl2.so.3)
MPT: Missing separate debuginfo for /glade/u/apps/ch/os/lib64/libkeyutils.so.1
MPT: Try: zypper install -C "debuginfo(build-id)=8982882fa17c60fed02166f229335a9d0eaf77c9"
MPT: (No debugging symbols found in /glade/u/apps/ch/os/lib64/libkeyutils.so.1)
MPT: Missing separate debuginfo for /glade/u/apps/ch/os/lib64/libselinux.so.1
MPT: Try: zypper install -C "debuginfo(build-id)=0627d20b9e481e6a9c6fcacaf8e3f5c2318529cf"
MPT: (No debugging symbols found in /glade/u/apps/ch/os/lib64/libselinux.so.1)
MPT: (No debugging symbols found in /usr/lib64/gcc/x86_64-suse-linux/4.8/../../../../lib64/libpcre.so.1)
MPT: (No debugging symbols found in /usr/lib64/gcc/x86_64-suse-linux/4.8/../../../../lib64/libibverbs.so.1)
MPT: (No debugging symbols found in /usr/lib64/gcc/x86_64-suse-linux/4.8/../../../../lib64/libnl-route-3.so.200)
MPT: (No debugging symbols found in /usr/lib64/gcc/x86_64-suse-linux/4.8/../../../../lib64/libnl-3.so.200)
MPT: (No debugging symbols found in /usr/lib64/gcc/x86_64-suse-linux/4.8/../../../../lib64/libmlx5.so.1)
MPT: 0x00002b76fc24e7da in waitpid ()
MPT:    from /glade/u/apps/ch/os/lib64/libpthread.so.0
MPT: Missing separate debuginfos, use: zypper install glibc-debuginfo-2.22-100.27.3.x86_64 krb5-debuginfo-1.12.5-40.37.7.x86_64 libatomic1-debuginfo-9.3.1+git1296-1.7.2.x86_64 libcom_err2-debuginfo-1.43.8-3.14.1.x86_64 libcurl4-debuginfo-7.60.0-4.15.2.x86_64 libibverbs-debuginfo-41mlnx1-OFED.4.7.0.0.2.47329.x86_64 libldap-2_4-2-debuginfo-2.4.41-18.71.2.x86_64 libmlx5-debuginfo-41mlnx1-OFED.4.7.0.3.3.47329.x86_64 libnghttp2-14-debuginfo-1.7.1-1.84.x86_64 libnl3-200-debuginfo-3.2.23-2.21.x86_64 libpcre1-debuginfo-8.39-8.3.1.x86_64 libsasl2-3-debuginfo-2.1.26-8.10.1.x86_64 libssh4-debuginfo-0.6.3-12.12.1.x86_64 libstdc++6-debuginfo-9.3.1+git1296-1.7.2.x86_64
MPT: (gdb) #0  0x00002b76fc24e7da in waitpid ()
MPT:    from /glade/u/apps/ch/os/lib64/libpthread.so.0
MPT: #1  0x00002b76fc593c66 in mpi_sgi_system (
MPT: #2  MPI_SGI_stacktraceback (
MPT:     header=header@entry=0x7fff5fc04650 "MPT ERROR: Rank 4(g:4) received signal SIGSEGV(11).\n\tProcess ID: 72114, Host: r1i2n8, Program: /glade/scratch/dunlap/esmf-testing/nvhpc_22.2_mpt_g_develop/test/testg/Linux.nvhpc.64.mpt.default/ESMF_Fi"...) at sig.c:340
MPT: #3  0x00002b76fc593e66 in first_arriver_handler (signo=signo@entry=11, 
MPT:     stack_trace_sem=stack_trace_sem@entry=0x2b7703c40080) at sig.c:489
MPT: #4  0x00002b76fc5940f3 in slave_sig_handler (signo=11, 
MPT:     siginfo=<optimized out>, extra=<optimized out>) at sig.c:565
MPT: #5  <signal handler called>
MPT: #6  0x00002b76f841f2f4 in ESMCI::LogErr::MsgFoundError (rcToCheck=0, 
MPT:     msg=0x2b76fa1acc34 <.S70881> "Internal subroutine call returned Error", 
MPT:     LINE=1755, FILE=0x2b76fa1acc24 <.S70883> "ESMCI_MeshCap.C", 
MPT:     method=0x2b76fa1acaae <.S71239> "MeshCap::meshcreatenodedistgrid()", 
MPT:     rcToReturn=0x4f1b591)
MPT:     at /glade/scratch/dunlap/esmf-testing/nvhpc_22.2_mpt_g_develop/src/Infrastructure/LogErr/src/ESMCI_LogErr.C:586
MPT: #7  0x00002b76f86406bf in ESMCI::MeshCap::meshcreatenodedistgrid (
MPT:     rc=0x4f1b591)
MPT:     at /glade/scratch/dunlap/esmf-testing/nvhpc_22.2_mpt_g_develop/src/Infrastructure/Mesh/src/ESMCI_MeshCap.C:1754
MPT: #8  0x00002b76f8693901 in c_esmc_meshcreatenodedistgrid_ (
MPT:     meshpp=0x7fff5fc05460, rc=0x7fff5fc052cc)
MPT:     at /glade/scratch/dunlap/esmf-testing/nvhpc_22.2_mpt_g_develop/src/Infrastructure/Mesh/interface/ESMCI_Mesh_F.C:247
MPT: #9  0x00002b76f937216d in esmf_meshmod::esmf_meshcreatefrompointer (
MPT:     mesh_pointer=..., 
MPT:     rc=<error reading variable: Cannot access memory at address 0x0>)
MPT:     at /glade/scratch/dunlap/esmf-testing/nvhpc_22.2_mpt_g_develop/src/Infrastructure/Mesh/interface/ESMF_Mesh.F90:3091
MPT: #10 0x00002b76f91ce6ed in esmf_gridutilmod::esmf_gridtomesh (grid=..., 
MPT:     staggerloc=..., issphere=0, islatlondeg=.FALSE., maskvalues=..., 
MPT:     regridconserve=..., rc=1606443980)
MPT:     at /glade/scratch/dunlap/esmf-testing/nvhpc_22.2_mpt_g_develop/src/Infrastructure/GridUtil/interface/ESMF_GridUtil.F90:453
MPT: #11 0x00002b76f908f428 in esmf_fieldregridmod::b_or_p_gridtomesh (grid=..., 
MPT:     staggerloc=..., maskvalues=..., turnedonmeshnodemask=.FALSE., rc=18)
MPT:     at /glade/scratch/dunlap/esmf-testing/nvhpc_22.2_mpt_g_develop/src/Infrastructure/Field/src/ESMF_FieldRegrid.F90:3228
MPT: #12 0x00002b76f908a8de in esmf_fieldregridmod::getmeshwithnodesonfieldloc (
MPT:     field=..., maskvalues=..., createdtmpmesh=.FALSE., mesh=..., 
MPT:     turnedonmeshnodemask=.FALSE., rc=0)
MPT:     at /glade/scratch/dunlap/esmf-testing/nvhpc_22.2_mpt_g_develop/src/Infrastructure/Field/src/ESMF_FieldRegrid.F90:1346
MPT: #13 0x00002b76f90883ed in esmf_fieldregridmod::esmf_fieldregridstorenx (
MPT:     srcfield=..., dstfield=..., keywordenforcer=..., 
MPT:     srcmaskvalues=<error reading variable: Cannot access memory at address 0x0>, dstmaskvalues=..., 
MPT:     regridmethod=<error reading variable: Cannot access memory at address 0x0>, polemethod=..., regridpolenpnts=0, linetype=..., normtype=..., 
MPT:     extrapmethod=..., extrapnumsrcpnts=0, extrapdistexponent=0, 
MPT:     extrapnumlevels=0, unmappedaction=..., ignoredegenerate=.FALSE., 
MPT:     srctermprocessing=0, pipelinedepth=0, routehandle=..., 
MPT:     factorlist=0x7fff5fc085b8, factorindexlist=0x7fff5fc08530, weights=0x0, 
MPT:     indices=0x0, srcfracfield=..., dstfracfield=..., dststatusfield=..., 
MPT:     unmappeddstlist=0x0, checkflag=.FALSE., rc=1606451964)
MPT:     at /glade/scratch/dunlap/esmf-testing/nvhpc_22.2_mpt_g_develop/src/Infrastructure/Field/src/ESMF_FieldRegrid.F90:971
MPT: #14 0x00002b76f8ebaf96 in esmf_fieldbundlemod::esmf_fieldbundleregridstore (
MPT:     srcfieldbundle=..., dstfieldbundle=..., srcmaskvalues=..., 
MPT:     dstmaskvalues=..., 
MPT:     regridmethod=<error reading variable: Cannot access memory at address 0x0>, polemethod=<error reading variable: Cannot access memory at address 0x0>, 
MPT:     regridpolenpnts=0, linetype=..., normtype=..., extrapmethod=..., 
MPT:     extrapnumsrcpnts=0, extrapdistexponent=0, extrapnumlevels=0, 
MPT:     unmappedaction=..., ignoredegenerate=.FALSE., srctermprocessing=0, 
MPT:     pipelinedepth=0, routehandle=..., rc=1606455364)
MPT:     at /glade/scratch/dunlap/esmf-testing/nvhpc_22.2_mpt_g_develop/src/Infrastructure/FieldBundle/src/ESMF_FieldBundle.F90:15935
MPT: #15 0x000000000040bdb9 in user_coupler::user_init (comp=..., importstate=..., 
MPT:     exportstate=..., clock=..., rc=18) at user_coupler.F90:134
MPT: #16 0x00002b76f826cab0 in ESMCI::FTable::callVFuncPtr (
MPT:     name=0x310bd30 "InitializeIC01P", vm_pointer=0x30e2850, 
MPT:     userrc=0x7fff5fc09044)
MPT:     at /glade/scratch/dunlap/esmf-testing/nvhpc_22.2_mpt_g_develop/src/Superstructure/Component/src/ESMCI_FTable.C:2167
MPT: #17 0x00002b76f8267d13 in ESMCI_FTableCallEntryPointVMHop (vm=0x30e2850, 
MPT:     cargoCast=0x310bd30)
MPT:     at /glade/scratch/dunlap/esmf-testing/nvhpc_22.2_mpt_g_develop/src/Superstructure/Component/src/ESMCI_FTable.C:824
MPT: #18 0x00002b76f8ad1d4e in ESMCI::enter_callback (sarg=0x310a530, 
MPT:     mutex=0x30b7920)
MPT:     at /glade/scratch/dunlap/esmf-testing/nvhpc_22.2_mpt_g_develop/src/Infrastructure/VM/src/ESMCI_VMKernel.C:1112
MPT: #19 0x00002b76f8abef14 in ESMCI::VMK::enter (vmp=0x30e2700, arg=0x310a530, 
MPT:     argvmkt=0x310bd30)
MPT:     at /glade/scratch/dunlap/esmf-testing/nvhpc_22.2_mpt_g_develop/src/Infrastructure/VM/src/ESMCI_VMKernel.C:2423
MPT: #20 0x00002b76f8ae6d3e in ESMCI::VM (vmp=0x30e2700, info=0x310a530, 
MPT:     cargo=0x310bd30)
MPT:     at /glade/scratch/dunlap/esmf-testing/nvhpc_22.2_mpt_g_develop/src/Infrastructure/VM/src/ESMCI_VM.C:1216
MPT: #21 0x00002b76f82681d3 in c_esmc_ftablecallentrypointvm_ (f90comp=0x30e2200, 
MPT:     ptr_vm_parent=0x30e2220, ptr_vmplan=0x30e22c8, vm_info=0x30e22d8, 
MPT:     vm_cargo=0x30e22e0, ptr=0x30e1770, 
MPT:     method=0x2b76fb0b9728 <_esmf_compmod_8_+40>, phase=0x7fff5fc095bc, 
MPT:     port=0x7fff5fc095b8, timeout=0x7fff5fc095b4, recursionCount=0x30e22e8, 
MPT:     rc=0x7fff5fc095dc)
MPT:     at /glade/scratch/dunlap/esmf-testing/nvhpc_22.2_mpt_g_develop/src/Superstructure/Component/src/ESMCI_FTable.C:981
MPT: #22 0x00002b76f8e1a366 in esmf_compmod::esmf_compexecute (compp=0x30e1770, 
MPT:     method=..., importstate=..., exportstate=..., 
MPT:     clock=<error reading variable: Cannot access memory at address 0x0>, 
MPT:     syncflag=<error reading variable: Cannot access memory at address 0x0>, 
MPT:     phase=0, port=0, timeout=1606457028, userrc=1606459772, rc=1606457124)
MPT:     at /glade/scratch/dunlap/esmf-testing/nvhpc_22.2_mpt_g_develop/src/Superstructure/Component/src/ESMF_Comp.F90:1222
MPT: #23 0x00002b76f8e3301e in esmf_cplcompmod::esmf_cplcompinitialize (
MPT:     cplcomp=..., keywordenforcer=..., importstate=..., exportstate=..., 
MPT:     clock=<error reading variable: Cannot access memory at address 0x0>, 
MPT:     syncflag=<error reading variable: Cannot access memory at address 0x0>, 
MPT:     phase=0, timeout=0, timeoutflag=.FALSE., userrc=1606459772, rc=1606461896)
MPT:     at /glade/scratch/dunlap/esmf-testing/nvhpc_22.2_mpt_g_develop/src/Superstructure/Component/src/ESMF_CplComp.F90:1160
MPT: #24 0x000000000040e731 in esmf_fieldbundleregridpackedstest ()
MPT:     at ESMF_FieldBundleRegridPackedSTest.F90:248
MPT: #25 0x00000000004073f3 in main ()
MPT: #26 0x00002b76febb0a35 in __libc_start_main ()
MPT:    from /glade/u/apps/ch/os/lib64/libc.so.6
MPT: #27 0x00000000004072e9 in _start () at ../sysdeps/x86_64/start.S:118
MPT: (gdb) A debugging session is active.
MPT: 
MPT: 	Inferior 1 [process 72114] will be detached.
MPT: 
MPT: Quit anyway? (y or n) [answered Y; input not from terminal]
MPT: Detaching from program: /proc/72114/exe, process 72114
MPT: [Inferior 1 (process 72114) detached]

MPT: -----stack traceback ends-----
MPT: On host r1i2n8, Program /glade/scratch/dunlap/esmf-testing/nvhpc_22.2_mpt_g_develop/test/testg/Linux.nvhpc.64.mpt.default/ESMF_FieldBundleRegridPackedSTest, Rank 4, Process 72114: Dumping core on signal SIGSEGV(11) into directory /glade/scratch/dunlap/esmf-testing/nvhpc_22.2_mpt_g_develop/test/testg/Linux.nvhpc.64.mpt.default
MPT ERROR: MPI_COMM_WORLD rank 4 has terminated without calling MPI_Finalize()
	aborting job
MPT: Received signal 11
