build time -- 2022-07-12 03:54:39
  Beginning Test, file ESMF_InitMacrosUTest.F90, line 78
  NUMBER_OF_PROCESSORS           4
  PASS  Testing ESMF_INIT_CHECK_SET_SHALLOW, ESMF_InitMacrosUTest.F90, line 89
  Beginning Test, file ESMF_InitMacrosUTest.F90, line 78
  NUMBER_OF_PROCESSORS           4
  PASS  Testing ESMF_INIT_CHECK_SET_SHALLOW, ESMF_InitMacrosUTest.F90, line 89
  Beginning Test, file ESMF_InitMacrosUTest.F90, line 78
  NUMBER_OF_PROCESSORS           4
  PASS  Testing ESMF_INIT_CHECK_SET_SHALLOW, ESMF_InitMacrosUTest.F90, line 89
  Beginning Test, file ESMF_InitMacrosUTest.F90, line 78
  NUMBER_OF_PROCESSORS           4
  PASS  Testing ESMF_INIT_CHECK_SET_SHALLOW, ESMF_InitMacrosUTest.F90, line 89
  PASS  Testing undefined object in ESMF_INIT_CHECK_DEEP, ESMF_InitMacrosUTest.F
 90, line 99
  PASS  Testing undefined object in ESMF_INIT_CHECK_DEEP, ESMF_InitMacrosUTest.F
 90, line 99
  PASS  Testing created object in ESMF_INIT_CHECK_DEEP, ESMF_InitMacrosUTest.F90
 , line 108
  PASS  Testing undefined object in ESMF_INIT_CHECK_DEEP, ESMF_InitMacrosUTest.F
 90, line 99
  PASS  Testing created object in ESMF_INIT_CHECK_DEEP, ESMF_InitMacrosUTest.F90
 , line 108
  PASS  Testing undefined object in ESMF_INIT_CHECK_DEEP, ESMF_InitMacrosUTest.F
 90, line 99
  PASS  Testing created object in ESMF_INIT_CHECK_DEEP, ESMF_InitMacrosUTest.F90
 , line 108
  PASS  Testing deleted object in ESMF_INIT_CHECK_DEEP, ESMF_InitMacrosUTest.F90
 , line 117
  PASS  Testing created object in ESMF_INIT_CHECK_DEEP, ESMF_InitMacrosUTest.F90
 , line 108
  PASS  Testing deleted object in ESMF_INIT_CHECK_DEEP, ESMF_InitMacrosUTest.F90
 , line 117
  PASS  Testing deleted object in ESMF_INIT_CHECK_DEEP, ESMF_InitMacrosUTest.F90
 , line 117
  Ending Test, file ESMF_InitMacrosUTest.F90, line 127
  PASS  Testing deleted object in ESMF_INIT_CHECK_DEEP, ESMF_InitMacrosUTest.F90
 , line 117
  Ending Test, file ESMF_InitMacrosUTest.F90, line 127
  Ending Test, file ESMF_InitMacrosUTest.F90, line 127
  Ending Test, file ESMF_InitMacrosUTest.F90, line 127
  PET           0  Test Elapsed Time   0.585000000000002       msec.
  PET           1  Test Elapsed Time   0.580999999999998       msec.
  PET           2  Test Elapsed Time   0.581999999999999       msec.
  PET           3  Test Elapsed Time   0.569000000000000       msec.
