build time -- 2022-07-18 02:47:35.505646
  Beginning Test, file ESMF_TestUTest.F90, line 52
  Beginning Test, file ESMF_TestUTest.F90, line 52
  Beginning Test, file ESMF_TestUTest.F90, line 52
  Beginning Test, file ESMF_TestUTest.F90, line 52
  NUMBER_OF_PROCESSORS            4
  NUMBER_OF_PROCESSORS            4
  NUMBER_OF_PROCESSORS            4
  NUMBER_OF_PROCESSORS            4
  PASS  Use of ESMF_Test(), true, ESMF_TestUTest.F90, line 60
  PASS  Use of ESMF_Test(), true, ESMF_TestUTest.F90, line 60
  PASS  Use of ESMF_Test(), true, ESMF_TestUTest.F90, line 60
  PASS  Use of ESMF_Test(), true, ESMF_TestUTest.F90, line 60
  PASS  Compare identical files, ESMF_TestUTest.F90, line 108
  PASS  Compare non-identical files, ESMF_TestUTest.F90, line 115
  PASS  Compare non-identical files with exception list (non-match), ESMF_TestUTest.F90, line 123
  PASS  Compare non-identical files with exception list (matching), ESMF_TestUTest.F90, line 131
  PASS  Compare identical files, ESMF_TestUTest.F90, line 108
  PASS  Compare non-identical files, ESMF_TestUTest.F90, line 115
  PASS  Compare non-identical files with exception list (non-match), ESMF_TestUTest.F90, line 123
  PASS  Compare non-identical files with exception list (matching), ESMF_TestUTest.F90, line 131
  PASS  Compare identical files, ESMF_TestUTest.F90, line 108
  PASS  Compare identical files, ESMF_TestUTest.F90, line 108
  PASS  Compare non-identical files, ESMF_TestUTest.F90, line 115
  PASS  Compare non-identical files, ESMF_TestUTest.F90, line 115
  PASS  Compare non-identical files with exception list (non-match), ESMF_TestUTest.F90, line 123
  PASS  Compare non-identical files with exception list (non-match), ESMF_TestUTest.F90, line 123
  Ending Test, file ESMF_TestUTest.F90, line 141
  PASS  Compare non-identical files with exception list (matching), ESMF_TestUTest.F90, line 131
  PASS  Compare non-identical files with exception list (matching), ESMF_TestUTest.F90, line 131
  Ending Test, file ESMF_TestUTest.F90, line 141
  Ending Test, file ESMF_TestUTest.F90, line 141
  Ending Test, file ESMF_TestUTest.F90, line 141
  PET            2  Test Elapsed Time     11.09004020690918       msec.
  PET            0  Test Elapsed Time     11.09910011291504       msec.
  PET            1  Test Elapsed Time     11.09814643859863       msec.
  PET            3  Test Elapsed Time     11.09600067138672       msec.
