build time -- 2022-07-22 01:09:02.937746
  Beginning Test, file ESMF_AttributeUpdateUTest.F90, line 593
  NUMBER_OF_PROCESSORS           4
  PASS  Getting an updated Attribute value from a Field test, ESMF_AttributeUpdateUTest.F90, line 684
  PASS  Getting an updated Attribute package Attribute value from a Field test, ESMF_AttributeUpdateUTest.F90, line 695
  PASS  Getting an updated Attribute package Attribute value from Field test, ESMF_AttributeUpdateUTest.F90, line 704
  PASS  Getting an updated deleted Attribute value from a Field test, ESMF_AttributeUpdateUTest.F90, line 712
  PASS  Getting a lone Attribute from a Field test: value = Lone Attribute, ESMF_AttributeUpdateUTest.F90, line 719
  Ending Test, file ESMF_AttributeUpdateUTest.F90, line 744
  PET           1  Test Elapsed Time    5.4399999999999995       msec.
  Beginning Test, file ESMF_AttributeUpdateUTest.F90, line 593
  NUMBER_OF_PROCESSORS           4
  PASS  Getting an updated Attribute value from a Field test, ESMF_AttributeUpdateUTest.F90, line 684
  PASS  Getting an updated Attribute package Attribute value from a Field test, ESMF_AttributeUpdateUTest.F90, line 695
  PASS  Getting an updated Attribute package Attribute value from Field test, ESMF_AttributeUpdateUTest.F90, line 704
  PASS  Getting an updated deleted Attribute value from a Field test, ESMF_AttributeUpdateUTest.F90, line 712
  PASS  Getting a lone Attribute from a Field test: value = Lone Attribute, ESMF_AttributeUpdateUTest.F90, line 719
  Ending Test, file ESMF_AttributeUpdateUTest.F90, line 744
  PET           2  Test Elapsed Time    5.4979999999999993       msec.
  Beginning Test, file ESMF_AttributeUpdateUTest.F90, line 593
  NUMBER_OF_PROCESSORS           4
  PASS  Getting an updated Attribute value from a Field test, ESMF_AttributeUpdateUTest.F90, line 684
  PASS  Getting an updated Attribute package Attribute value from a Field test, ESMF_AttributeUpdateUTest.F90, line 695
  PASS  Getting an updated Attribute package Attribute value from Field test, ESMF_AttributeUpdateUTest.F90, line 704
  PASS  Getting an updated deleted Attribute value from a Field test, ESMF_AttributeUpdateUTest.F90, line 712
  PASS  Getting a lone Attribute from a Field test: value = Lone Attribute, ESMF_AttributeUpdateUTest.F90, line 719
  Ending Test, file ESMF_AttributeUpdateUTest.F90, line 744
  PET           3  Test Elapsed Time    5.4829999999999988       msec.
  Beginning Test, file ESMF_AttributeUpdateUTest.F90, line 593
  NUMBER_OF_PROCESSORS           4
  PASS  Getting an updated Attribute value from a Field test, ESMF_AttributeUpdateUTest.F90, line 684
  PASS  Getting an updated Attribute package Attribute value from a Field test, ESMF_AttributeUpdateUTest.F90, line 695
  PASS  Getting an updated Attribute package Attribute value from Field test, ESMF_AttributeUpdateUTest.F90, line 704
  PASS  Getting an updated deleted Attribute value from a Field test, ESMF_AttributeUpdateUTest.F90, line 712
  PASS  Getting a lone Attribute from a Field test: value = Lone Attribute, ESMF_AttributeUpdateUTest.F90, line 719
  Ending Test, file ESMF_AttributeUpdateUTest.F90, line 744
  PET           0  Test Elapsed Time    5.4779999999999998       msec.
