build time -- 2022-07-09 00:27:00
Sat Jul  9 01:05:05 2022: [unset]:_pmi_alps_init:alps_get_placement_info returned with error -1
Sat Jul  9 01:05:05 2022: [unset]:_pmi_init:_pmi_alps_init returned -1
  Beginning Test, file ESMF_CalRangeUTest.F90, line 95
  NUMBER_OF_PROCESSORS           1
  PASS  Gregorian/Fliegel Low Range (convert to time) Test, ESMF_CalRangeUTest.F90, line 176
  PASS  Gregorian/Fliegel Low Range (convert to date) Test, ESMF_CalRangeUTest.F90, line 188
  PASS  Gregorian/Fliegel High Range Test, ESMF_CalRangeUTest.F90, line 233
  PASS  Julian/Hatcher Low Range (convert to time) Test, ESMF_CalRangeUTest.F90, line 268
  PASS  Julian/Hatcher Low Range (convert to date) Test, ESMF_CalRangeUTest.F90, line 281
  PASS  Julian/Hatcher High Range Test, ESMF_CalRangeUTest.F90, line 326
  PASS  Julian Day Low Range Test, ESMF_CalRangeUTest.F90, line 380
  PASS  Julian Day High Range Test, ESMF_CalRangeUTest.F90, line 430
  PASS  Modified Julian Day Low Range Test, ESMF_CalRangeUTest.F90, line 486
  PASS  Modified Julian Day High Range Test, ESMF_CalRangeUTest.F90, line 538
  Ending Test, file ESMF_CalRangeUTest.F90, line 550
  PET           0  Test Elapsed Time    698.48699999999997       msec.
