build time -- 2022-06-09 00:23:21
Thu Jun  9 00:58:12 2022: [unset]:_pmi_alps_init:alps_get_placement_info returned with error -1
Thu Jun  9 00:58:12 2022: [unset]:_pmi_init:_pmi_alps_init returned -1
PASS Bare throw Test, ESMCI_ExceptionsSubr.C, line 67
PASS Deep throw Test, ESMCI_ExceptionsSubr.C, line 82
PASS ClassNoDestructor throw Test, ESMCI_ExceptionsSubr.C, line 97
PASS ClassWithDestructor throw Test, ESMCI_ExceptionsSubr.C, line 112
  Beginning Test, file ESMF_ExceptionsUTest.F90, line 26
  NUMBER_OF_PROCESSORS           1
  Ending Test, file ESMF_ExceptionsUTest.F90, line 44
  PET           0  Test Elapsed Time    27.596999999999998       msec.
