build time -- 2022-07-12 01:41:45.211357
Beginning Test, file ESMC_BaseUTest.C, line 143
Beginning Test, file ESMC_BaseUTest.C, line 143
Beginning Test, file ESMC_BaseUTest.C, line 143NUMBER_OF_PROCESSORS 4
Beginning Test, file ESMC_BaseUTest.C, line 143
Beginning Test, file ESMC_BaseUTest.C, line 143NUMBER_OF_PROCESSORS 4
Beginning Test, file ESMC_BaseUTest.C, line 143
Beginning Test, file ESMC_BaseUTest.C, line 143NUMBER_OF_PROCESSORS 4
Beginning Test, file ESMC_BaseUTest.C, line 143NUMBER_OF_PROCESSORS 4
PASS testSerializeDeserialize, ESMC_BaseUTest.C, line 150
Ending Test, file ESMC_BaseUTest.C, line 154
PASS testSerializeDeserialize, ESMC_BaseUTest.C, line 150
Ending Test, file ESMC_BaseUTest.C, line 154
PASS testSerializeDeserialize, ESMC_BaseUTest.C, line 150
Ending Test, file ESMC_BaseUTest.C, line 154
PASS testSerializeDeserialize, ESMC_BaseUTest.C, line 150
Ending Test, file ESMC_BaseUTest.C, line 154
Ending Test, file ESMC_BaseUTest.C, line 154 PET 2 Test Elapsed Time 1.858 msec.
Ending Test, file ESMC_BaseUTest.C, line 154 PET 3 Test Elapsed Time 1.88 msec.
Ending Test, file ESMC_BaseUTest.C, line 154 PET 0 Test Elapsed Time 2.064 msec.
Ending Test, file ESMC_BaseUTest.C, line 154 PET 1 Test Elapsed Time 2.032 msec.
