build time -- 2022-06-21 02:58:13.697479
Name: field	  Convention: customconvention2	  Purpose: custompurpose2	

Custom1	Custom2	Custom3	
         	         	         	
