build time -- 2022-07-20 02:31:04.336728
Beginning Test, file ESMC_MBMesh_UtilUTest.C, line 131
Beginning Test, file ESMC_MBMesh_UtilUTest.C, line 131NUMBER_OF_PROCESSORS 4
Beginning Test, file ESMC_MBMesh_UtilUTest.C, line 131
Beginning Test, file ESMC_MBMesh_UtilUTest.C, line 131NUMBER_OF_PROCESSORS 4
Beginning Test, file ESMC_MBMesh_UtilUTest.C, line 131
Beginning Test, file ESMC_MBMesh_UtilUTest.C, line 131NUMBER_OF_PROCESSORS 4
Beginning Test, file ESMC_MBMesh_UtilUTest.C, line 131
Beginning Test, file ESMC_MBMesh_UtilUTest.C, line 131NUMBER_OF_PROCESSORS 4
PASS Throw an error from the MBMesh, ESMC_MBMesh_UtilUTest.C, line 160
PASS Throw an error from the MBMesh, ESMC_MBMesh_UtilUTest.C, line 160
PASS Throw an error from the MBMesh, ESMC_MBMesh_UtilUTest.C, line 160
PASS Throw an error from the MBMesh, ESMC_MBMesh_UtilUTest.C, line 160
PASS Test ESMC_MeshSetMOAB, ESMC_MBMesh_UtilUTest.C, line 173
PASS Test ESMC_MeshSetMOAB, ESMC_MBMesh_UtilUTest.C, line 173
PASS Test ESMC_MeshGetMOAB, ESMC_MBMesh_UtilUTest.C, line 186
PASS Test ESMC_MeshSetMOAB, ESMC_MBMesh_UtilUTest.C, line 173
PASS Test ESMC_MeshGetMOAB, ESMC_MBMesh_UtilUTest.C, line 186
PASS Test ESMC_MeshSetMOAB, ESMC_MBMesh_UtilUTest.C, line 173
PASS Test ESMC_MeshGetMOAB, ESMC_MBMesh_UtilUTest.C, line 186
PASS Test ESMC_MeshGetMOAB, ESMC_MBMesh_UtilUTest.C, line 186
Ending Test, file ESMC_MBMesh_UtilUTest.C, line 191
Ending Test, file ESMC_MBMesh_UtilUTest.C, line 191
Ending Test, file ESMC_MBMesh_UtilUTest.C, line 191
Ending Test, file ESMC_MBMesh_UtilUTest.C, line 191
Ending Test, file ESMC_MBMesh_UtilUTest.C, line 191 PET 0 Test Elapsed Time 0.908 msec.
Ending Test, file ESMC_MBMesh_UtilUTest.C, line 191 PET 1 Test Elapsed Time 1.075 msec.
Ending Test, file ESMC_MBMesh_UtilUTest.C, line 191 PET 2 Test Elapsed Time 0.978 msec.
Ending Test, file ESMC_MBMesh_UtilUTest.C, line 191 PET 3 Test Elapsed Time 1.152 msec.
