build time -- 2022-07-17 03:55:13.713643
Name: cplcomp	  Convention: customconvention2	  Purpose: custompurpose2	


