build time -- 2022-07-17 02:23:35.553886
 System Test CompCreate:
 System Test CompCreate:
 System Test CompCreate:
 System Test CompCreate:
 Gridded Component:
 Gridded Component:
 Gridded Component:
  Component name = System Test CompCreate
 Comp Create finished, name = System Test CompCreate
 Gridded Component:
  Component name = System Test CompCreate
 Comp Create finished, name = System Test CompCreate
  Component name = System Test CompCreate
 Comp Create finished, name = System Test CompCreate
  Component name = System Test CompCreate
 Comp Create finished, name = System Test CompCreate
 Comp SetVM finished, rc=            0
 Comp SetVM finished, rc=            0
 Comp SetVM finished, rc=            0
 Comp SetVM finished, rc=            0
 In user register routine
 In user register routine
 In user register routine
 Registered Initialize, Run, and Finalize routines
 In user register routine
 Registered Initialize, Run, and Finalize routines
 Registered Initialize, Run, and Finalize routines
 Registered Initialize, Run, and Finalize routines
 Registered local datablock
 Registered local datablock
 Registered local datablock
 Registered local datablock
  initial data =          13  0.660000026              25
  initial data =          13  0.660000026              25
  initial data =          13  0.660000026              25
  initial data =          13  0.660000026              25
 Comp Register finished, rc=            0
 Comp Register finished, rc=            0
 Comp Register finished, rc=            0
 Comp Register finished, rc=            0
 first init routine called
 Comp Initialize 1 finished
 first init routine called
 Comp Initialize 1 finished
 first init routine called
 Comp Initialize 1 finished
 User Comp Init 2 starting
 Gridded Component:
 first init routine called
 Comp Initialize 1 finished
 User Comp Init 2 starting
 Gridded Component:
  Component name = System Test CompCreate
 User Comp Init 2 starting
 Gridded Component:
  Component name = System Test CompCreate
 User Comp Init 2 starting
 Gridded Component:
  Component name = System Test CompCreate
  Component name = System Test CompCreate
 ESMF_StatePrint: (pet 0):
  State name: igrid export state
 ESMF_StatePrint: (pet 3):
  State name: igrid export state
 ESMF_StatePrint: (pet 1):
  State name: igrid export state
 ESMF_StatePrint: (pet 2):
  State name: igrid export state
     status: Export State, object count: 0
     status: Export State, object count: 0
     status: Export State, object count: 0
     reconcile needed: F
     status: Export State, object count: 0
     reconcile needed: F
     reconcile needed: F
     reconcile needed: F
 Base name    = igrid export state
 Base name    = igrid export state
 Base name    = igrid export state
 Status: Base = Ready,  object = Ready
 Status: Base = Ready,  object = Ready
 Proxy        = no
 Root Info (Attributes):
 Base name    = igrid export state
 Status: Base = Ready,  object = Ready
 Proxy        = no
 Root Info (Attributes):
 Status: Base = Ready,  object = Ready
 Proxy        = no
 Root Info (Attributes):
 Proxy        = no
 Root Info (Attributes):
{} init, ready to call get data ptr
{} init, ready to call get data ptr
 init, back from data ptr
{} init, ready to call get data ptr
 init, back from data ptr
 init, data =           13  0.660000026              25
 init, back from data ptr
 init, data =           13  0.660000026              25
 init, data =           13  0.660000026              25
{} init, ready to call get data ptr
 init, back from data ptr
 init, data =           13  0.660000026              25
 ESMF_StatePrint: (pet 1):
  State name: igrid export state
 ESMF_StatePrint: (pet 2):
  State name: igrid export state
 ESMF_StatePrint: (pet 0):
  State name: igrid export state
     status: Export State, object count: 1
     reconcile needed: T
 Base name    = igrid export state
     status: Export State, object count: 1
     reconcile needed: T
 Base name    = igrid export state
 Status: Base = Ready,  object = Ready
 Proxy        = no
 Root Info (Attributes):
     status: Export State, object count: 1
     reconcile needed: T
 Base name    = igrid export state
 Status: Base = Ready,  object = Ready
 Proxy        = no
 Root Info (Attributes):
 ESMF_StatePrint: (pet 3):
  State name: igrid export state
     status: Export State, object count: 1
     reconcile needed: T
 Base name    = igrid export state
 Status: Base = Ready,  object = Ready
 Proxy        = no
 Root Info (Attributes):
 Status: Base = Ready,  object = Ready
 Proxy        = no
 Root Info (Attributes):
{}     object: 1,name: humidity
            type: Field
 User Comp Init returning
{}     object: 1,name: humidity
            type: Field
 User Comp Init returning
 Comp Initialize 2 finished
{}     object: 1,name: humidity
            type: Field
 User Comp Init returning
 Comp Initialize 2 finished
{}     object: 1,name: humidity
            type: Field
 User Comp Init returning
 Comp Initialize 2 finished
 Comp Initialize 2 finished
 User Comp Run starting
 User Comp Run starting
 User Comp Run starting
 User Comp Run starting
 in run, ready to get data block
 run, local data =          13  0.660000026              25
 in run, ready to get data block
 run, local data =          13  0.660000026              25
 ESMF_StatePrint: (pet 1):
  State name: igrid import state
 in run, ready to get data block
 run, local data =          13  0.660000026              25
 ESMF_StatePrint: (pet 2):
  State name: igrid import state
     status: Import State, object count: 1
     reconcile needed: T
 Base name    = igrid import state
 in run, ready to get data block
 run, local data =          13  0.660000026              25
 ESMF_StatePrint: (pet 3):
  State name: igrid import state
     status: Import State, object count: 1
     reconcile needed: T
 Base name    = igrid import state
 Status: Base = Ready,  object = Ready
 ESMF_StatePrint: (pet 0):
  State name: igrid import state
     status: Import State, object count: 1
     reconcile needed: T
 Base name    = igrid import state
 Status: Base = Ready,  object = Ready
 Proxy        = no
 Root Info (Attributes):
     status: Import State, object count: 1
     reconcile needed: T
 Base name    = igrid import state
 Status: Base = Ready,  object = Ready
 Proxy        = no
 Root Info (Attributes):
{}     object: 1,name: humidity
            type: Field
 Status: Base = Ready,  object = Ready
 Proxy        = no
 Root Info (Attributes):
{}     object: 1,name: humidity
            type: Field
 Field Print Starts ====>
 Proxy        = no
 Root Info (Attributes):
{}     object: 1,name: humidity
            type: Field
 Field Print Starts ====>
 Field base status = Ready
{}     object: 1,name: humidity
            type: Field
 Field Print Starts ====>
 Field base status = Ready
   Name = 'humidity'
 Field Print Starts ====>
 Field base status = Ready
   Name = 'humidity'
 Field base status = Ready
   Name = 'humidity'
 Base name    = humidity
   Name = 'humidity'
 Base name    = humidity
 Status: Base = Ready,  object = Ready
 Proxy        = no
 Root Info (Attributes):
{} Field status =            2
 gridToFieldMap ungriddedLBound ungriddedUBound totalLWidth totalUWidth
 Base name    = humidity
 Status: Base = Ready,  object = Ready
 Proxy        = no
 Root Info (Attributes):
{} Field status =            2
 gridToFieldMap ungriddedLBound ungriddedUBound totalLWidth totalUWidth
          -1          -1          -1               -1          -1
          -1          -1          -1               -1          -1
 Base name    = humidity
 Status: Base = Ready,  object = Ready
 Proxy        = no
 Root Info (Attributes):
{} Field status =            2
 gridToFieldMap ungriddedLBound ungriddedUBound totalLWidth totalUWidth
          -1          -1          -1               -1          -1
          -1          -1          -1               -1          -1
          -1          -1          -1               -1          -1
          -1          -1          -1               -1          -1
          -1          -1          -1               -1          -1
 Status: Base = Ready,  object = Ready
 Proxy        = no
 Root Info (Attributes):
{} Field status =            2
 gridToFieldMap ungriddedLBound ungriddedUBound totalLWidth totalUWidth
          -1          -1          -1               -1          -1
          -1          -1          -1               -1          -1
          -1          -1          -1               -1          -1
          -1          -1          -1               -1          -1
          -1          -1          -1               -1          -1
          -1          -1          -1               -1          -1
          -1          -1          -1               -1          -1
 Field Print Ends   ====>
          -1          -1          -1               -1          -1
          -1          -1          -1               -1          -1
          -1          -1          -1               -1          -1
          -1          -1          -1               -1          -1
          -1          -1          -1               -1          -1
          -1          -1          -1               -1          -1
          -1          -1          -1               -1          -1
 Field Print Ends   ====>
 ESMF_StatePrint: (pet 3):
  State name: igrid export state
     status: Export State, object count: 1
     reconcile needed: T
 Base name    = igrid export state
          -1          -1          -1               -1          -1
          -1          -1          -1               -1          -1
          -1          -1          -1               -1          -1
          -1          -1          -1               -1          -1
          -1          -1          -1               -1          -1
 Field Print Ends   ====>
 ESMF_StatePrint: (pet 0):
  State name: igrid export state
     status: Export State, object count: 1
     reconcile needed: T
 Base name    = igrid export state
 Status: Base = Ready,  object = Ready
 Proxy        = no
          -1          -1          -1               -1          -1
          -1          -1          -1               -1          -1
 Field Print Ends   ====>
 ESMF_StatePrint: (pet 1):
  State name: igrid export state
     status: Export State, object count: 1
     reconcile needed: T
 Base name    = igrid export state
 Status: Base = Ready,  object = Ready
 Proxy        = no
 Root Info (Attributes):
 ESMF_StatePrint: (pet 2):
  State name: igrid export state
     status: Export State, object count: 1
     reconcile needed: T
 Base name    = igrid export state
 Status: Base = Ready,  object = Ready
 Proxy        = no
 Root Info (Attributes):
 Status: Base = Ready,  object = Ready
 Proxy        = no
 Root Info (Attributes):
{}     object: 1,name: humidity
            type: Field
 User Comp Run returning
 Comp Run returned first time
 Root Info (Attributes):
{}     object: 1,name: humidity
            type: Field
 User Comp Run returning
 Comp Run returned first time
{}     object: 1,name: humidity
            type: Field
 User Comp Run returning
 Comp Run returned first time
{}     object: 1,name: humidity
            type: Field
 User Comp Run returning
 Comp Run returned first time
 User Comp Run starting
 in run, ready to get data block
 run, local data =          13  0.660000026              25
 ESMF_StatePrint: (pet 0):
  State name: igrid import state
 User Comp Run starting
 in run, ready to get data block
 run, local data =          13  0.660000026              25
 ESMF_StatePrint: (pet 1):
 User Comp Run starting
 in run, ready to get data block
 run, local data =          13  0.660000026              25
 ESMF_StatePrint: (pet 2):
  State name: igrid import state
     status: Import State, object count: 1
     reconcile needed: T
 User Comp Run starting
 in run, ready to get data block
 run, local data =          13  0.660000026              25
 ESMF_StatePrint: (pet 3):
  State name: igrid import state
     status: Import State, object count: 1
     reconcile needed: T
 Base name    = igrid import state
 Status: Base = Ready,  object = Ready
 Proxy        = no
 Root Info (Attributes):
     status: Import State, object count: 1
     reconcile needed: T
 Base name    = igrid import state
 Status: Base = Ready,  object = Ready
 Proxy        = no
 Root Info (Attributes):
{}     object: 1,name: humidity
            type: Field
  State name: igrid import state
     status: Import State, object count: 1
     reconcile needed: T
 Base name    = igrid import state
 Status: Base = Ready,  object = Ready
 Proxy        = no
 Root Info (Attributes):
 Base name    = igrid import state
 Status: Base = Ready,  object = Ready
 Proxy        = no
 Root Info (Attributes):
{}     object: 1,name: humidity
            type: Field
 Field Print Starts ====>
{}     object: 1,name: humidity
            type: Field
 Field Print Starts ====>
 Field base status = Ready
   Name = 'humidity'
 Base name    = humidity
 Status: Base = Ready,  object = Ready
 Proxy        = no
 Root Info (Attributes):
{} Field status =            2
 Field Print Starts ====>
 Field base status = Ready
   Name = 'humidity'
 Base name    = humidity
 Status: Base = Ready,  object = Ready
 Proxy        = no
 Root Info (Attributes):
{} Field status =            2
 gridToFieldMap ungriddedLBound ungriddedUBound totalLWidth totalUWidth
          -1          -1          -1               -1          -1
          -1          -1          -1               -1          -1
{}     object: 1,name: humidity
            type: Field
 Field Print Starts ====>
 Field base status = Ready
   Name = 'humidity'
 Base name    = humidity
 Status: Base = Ready,  object = Ready
 Proxy        = no
 Root Info (Attributes):
{} Field status =            2
 Field base status = Ready
   Name = 'humidity'
 Base name    = humidity
 Status: Base = Ready,  object = Ready
 Proxy        = no
 Root Info (Attributes):
{} Field status =            2
 gridToFieldMap ungriddedLBound ungriddedUBound totalLWidth totalUWidth
          -1          -1          -1               -1          -1
          -1          -1          -1               -1          -1
          -1          -1          -1               -1          -1
          -1          -1          -1               -1          -1
 gridToFieldMap ungriddedLBound ungriddedUBound totalLWidth totalUWidth
          -1          -1          -1               -1          -1
          -1          -1          -1               -1          -1
          -1          -1          -1               -1          -1
          -1          -1          -1               -1          -1
          -1          -1          -1               -1          -1
          -1          -1          -1               -1          -1
          -1          -1          -1               -1          -1
 Field Print Ends   ====>
 ESMF_StatePrint: (pet 3):
  State name: igrid export state
     status: Export State, object count: 1
     reconcile needed: T
 Base name    = igrid export state
          -1          -1          -1               -1          -1
          -1          -1          -1               -1          -1
          -1          -1          -1               -1          -1
          -1          -1          -1               -1          -1
          -1          -1          -1               -1          -1
 Field Print Ends   ====>
 ESMF_StatePrint: (pet 0):
  State name: igrid export state
     status: Export State, object count: 1
     reconcile needed: T
 Base name    = igrid export state
 Status: Base = Ready,  object = Ready
 gridToFieldMap ungriddedLBound ungriddedUBound totalLWidth totalUWidth
          -1          -1          -1               -1          -1
          -1          -1          -1               -1          -1
          -1          -1          -1               -1          -1
          -1          -1          -1               -1          -1
          -1          -1          -1               -1          -1
          -1          -1          -1               -1          -1
          -1          -1          -1               -1          -1
 Field Print Ends   ====>
 ESMF_StatePrint: (pet 1):
  State name: igrid export state
     status: Export State, object count: 1
     reconcile needed: T
          -1          -1          -1               -1          -1
          -1          -1          -1               -1          -1
          -1          -1          -1               -1          -1
 Field Print Ends   ====>
 ESMF_StatePrint: (pet 2):
  State name: igrid export state
     status: Export State, object count: 1
     reconcile needed: T
 Base name    = igrid export state
 Status: Base = Ready,  object = Ready
 Proxy        = no
 Root Info (Attributes):
 Status: Base = Ready,  object = Ready
 Proxy        = no
 Root Info (Attributes):
{}     object: 1,name: humidity
            type: Field
 User Comp Run returning
 Comp Run returned second time
 Proxy        = no
 Root Info (Attributes):
{}     object: 1,name: humidity
            type: Field
 User Comp Run returning
 Comp Run returned second time
 Base name    = igrid export state
 Status: Base = Ready,  object = Ready
 Proxy        = no
 Root Info (Attributes):
{}     object: 1,name: humidity
            type: Field
 User Comp Run returning
 Comp Run returned second time
{}     object: 1,name: humidity
            type: Field
 User Comp Run returning
 Comp Run returned second time
 User Comp Run starting
 in run, ready to get data block
 run, local data =          13  0.660000026              25
 ESMF_StatePrint: (pet 3):
  State name: igrid import state
     status: Import State, object count: 1
     reconcile needed: T
 Base name    = igrid import state
 User Comp Run starting
 in run, ready to get data block
 run, local data =          13  0.660000026              25
 ESMF_StatePrint: (pet 0):
  State name: igrid import state
     status: Import State, object count: 1
     reconcile needed: T
 Base name    = igrid import state
 User Comp Run starting
 in run, ready to get data block
 run, local data =          13  0.660000026              25
 ESMF_StatePrint: (pet 1):
  State name: igrid import state
 User Comp Run starting
 in run, ready to get data block
 run, local data =          13  0.660000026              25
 ESMF_StatePrint: (pet 2):
  State name: igrid import state
     status: Import State, object count: 1
     reconcile needed: T
 Base name    = igrid import state
 Status: Base = Ready,  object = Ready
 Proxy        = no
 Root Info (Attributes):
{}     object: 1,name: humidity
            type: Field
 Field Print Starts ====>
 Field base status = Ready
   Name = 'humidity'
 Status: Base = Ready,  object = Ready
 Proxy        = no
 Root Info (Attributes):
{}     object: 1,name: humidity
            type: Field
 Field Print Starts ====>
 Field base status = Ready
   Name = 'humidity'
 Base name    = humidity
     status: Import State, object count: 1
     reconcile needed: T
 Base name    = igrid import state
 Status: Base = Ready,  object = Ready
 Proxy        = no
 Root Info (Attributes):
{}     object: 1,name: humidity
            type: Field
 Status: Base = Ready,  object = Ready
 Proxy        = no
 Root Info (Attributes):
{}     object: 1,name: humidity
            type: Field
 Field Print Starts ====>
 Field base status = Ready
   Name = 'humidity'
 Base name    = humidity
 Base name    = humidity
 Status: Base = Ready,  object = Ready
 Proxy        = no
 Root Info (Attributes):
{} Field status =            2
 gridToFieldMap ungriddedLBound ungriddedUBound totalLWidth totalUWidth
          -1          -1          -1               -1          -1
          -1          -1          -1               -1          -1
          -1          -1          -1               -1          -1
          -1          -1          -1               -1          -1
          -1          -1          -1               -1          -1
          -1          -1          -1               -1          -1
 Status: Base = Ready,  object = Ready
 Proxy        = no
 Root Info (Attributes):
{} Field status =            2
 gridToFieldMap ungriddedLBound ungriddedUBound totalLWidth totalUWidth
          -1          -1          -1               -1          -1
          -1          -1          -1               -1          -1
          -1          -1          -1               -1          -1
          -1          -1          -1               -1          -1
          -1          -1          -1               -1          -1
          -1          -1          -1               -1          -1
          -1          -1          -1               -1          -1
 Field Print Starts ====>
 Field base status = Ready
   Name = 'humidity'
 Base name    = humidity
 Status: Base = Ready,  object = Ready
 Proxy        = no
 Root Info (Attributes):
{} Field status =            2
 gridToFieldMap ungriddedLBound ungriddedUBound totalLWidth totalUWidth
          -1          -1          -1               -1          -1
 Status: Base = Ready,  object = Ready
 Proxy        = no
 Root Info (Attributes):
{} Field status =            2
 gridToFieldMap ungriddedLBound ungriddedUBound totalLWidth totalUWidth
          -1          -1          -1               -1          -1
          -1          -1          -1               -1          -1
          -1          -1          -1               -1          -1
          -1          -1          -1               -1          -1
          -1          -1          -1               -1          -1
          -1          -1          -1               -1          -1
          -1          -1          -1               -1          -1
          -1          -1          -1               -1          -1
 Field Print Ends   ====>
 ESMF_StatePrint: (pet 3):
  State name: igrid export state
     status: Export State, object count: 1
     reconcile needed: T
 Base name    = igrid export state
 Status: Base = Ready,  object = Ready
 Proxy        = no
 Root Info (Attributes):
 Field Print Ends   ====>
 ESMF_StatePrint: (pet 0):
  State name: igrid export state
     status: Export State, object count: 1
     reconcile needed: T
 Base name    = igrid export state
 Status: Base = Ready,  object = Ready
 Proxy        = no
 Root Info (Attributes):
          -1          -1          -1               -1          -1
          -1          -1          -1               -1          -1
          -1          -1          -1               -1          -1
          -1          -1          -1               -1          -1
          -1          -1          -1               -1          -1
          -1          -1          -1               -1          -1
 Field Print Ends   ====>
 ESMF_StatePrint: (pet 1):
  State name: igrid export state
     status: Export State, object count: 1
     reconcile needed: T
 Base name    = igrid export state
 Field Print Ends   ====>
 ESMF_StatePrint: (pet 2):
  State name: igrid export state
     status: Export State, object count: 1
     reconcile needed: T
 Base name    = igrid export state
 Status: Base = Ready,  object = Ready
 Proxy        = no
 Root Info (Attributes):
{}     object: 1,name: humidity
            type: Field
 User Comp Run returning
 Comp Run returned third time
 User Comp Final starting
 final, ready to call get data ptr
{}     object: 1,name: humidity
            type: Field
 User Comp Run returning
 Comp Run returned third time
 User Comp Final starting
 final, ready to call get data ptr
 Status: Base = Ready,  object = Ready
 Proxy        = no
 Root Info (Attributes):
{}     object: 1,name: humidity
            type: Field
 User Comp Run returning
 Comp Run returned third time
{}     object: 1,name: humidity
            type: Field
 User Comp Run returning
 Comp Run returned third time
 User Comp Final starting
 final, ready to call get data ptr
 final, local data =          13  0.660000026              25
 User Comp Final returning
 -----------------------------------------------------------------
 -----------------------------------------------------------------
 Test finished, my_pet =            3
 -----------------------------------------------------------------
 -----------------------------------------------------------------
 Comp Finalize returned
 final, local data =          13  0.660000026              25
 User Comp Final returning
 -----------------------------------------------------------------
 -----------------------------------------------------------------
 Test finished, my_pet =            0
 -----------------------------------------------------------------
 -----------------------------------------------------------------
 Comp Finalize returned
 User Comp Final starting
 final, ready to call get data ptr
 final, local data =          13  0.660000026              25
 User Comp Final returning
 final, local data =          13  0.660000026              25
 User Comp Final returning
 -----------------------------------------------------------------
 -----------------------------------------------------------------
 Test finished, my_pet =            2
 -----------------------------------------------------------------
 -----------------------------------------------------------------
 Comp Finalize returned
 -----------------------------------------------------------------
 -----------------------------------------------------------------
 Test finished, my_pet =            1
 -----------------------------------------------------------------
 -----------------------------------------------------------------
 Comp Finalize returned
 All Destroy routines done
 System Test CompCreate complete
 All Destroy routines done
 System Test CompCreate complete
 All Destroy routines done
 System Test CompCreate complete
 All Destroy routines done
 System Test CompCreate complete
  PASS  System Test CompCreate: Component Create Test, ESMF_CompCreateSTest.F90, line 199
  PASS  System Test CompCreate: Component Create Test, ESMF_CompCreateSTest.F90, line 199
  PASS  System Test CompCreate: Component Create Test, ESMF_CompCreateSTest.F90, line 199
  PASS  System Test CompCreate: Component Create Test, ESMF_CompCreateSTest.F90, line 199
