build time -- 2022-06-28 06:10:12
Name: LocStream002	  Convention: customconvention2	  Purpose: custompurpose2	

Custom1	Custom2	Custom3	
