build time -- 2022-06-22 06:06:58
Beginning Test, file ESMC_NlohmannJSONUTest.C, line 79
Beginning Test, file ESMC_NlohmannJSONUTest.C, line 79NUMBER_OF_PROCESSORS 4
Beginning Test, file ESMC_NlohmannJSONUTest.C, line 79
Beginning Test, file ESMC_NlohmannJSONUTest.C, line 79NUMBER_OF_PROCESSORS 4
PASS Basic JSON Map Creation, ESMC_NlohmannJSONUTest.C, line 112
PASS Basic JSON Map Creation, ESMC_NlohmannJSONUTest.C, line 112
PASS Reference and pointer access using the JSON API (1), ESMC_NlohmannJSONUTest.C, line 132
PASS Reference and pointer access using the JSON API (1), ESMC_NlohmannJSONUTest.C, line 132
PASS Reference and pointer access using the JSON API (2), ESMC_NlohmannJSONUTest.C, line 144
PASS Reference and pointer access using the JSON API (2), ESMC_NlohmannJSONUTest.C, line 144
PASS Reference and pointer access using the JSON API (3), ESMC_NlohmannJSONUTest.C, line 157
PASS Reference and pointer access using the JSON API (4), ESMC_NlohmannJSONUTest.C, line 169
PASS Reference and pointer access using the JSON API (3), ESMC_NlohmannJSONUTest.C, line 157
PASS Reference and pointer access using the JSON API (5), ESMC_NlohmannJSONUTest.C, line 181
PASS Reference and pointer access using the JSON API (4), ESMC_NlohmannJSONUTest.C, line 169
PASS Mock info constructor (1), ESMC_NlohmannJSONUTest.C, line 200
PASS Reference and pointer access using the JSON API (5), ESMC_NlohmannJSONUTest.C, line 181
PASS Mock info constructor (2), ESMC_NlohmannJSONUTest.C, line 215
PASS Mock info constructor (1), ESMC_NlohmannJSONUTest.C, line 200
PASS Mock info constructor (3), ESMC_NlohmannJSONUTest.C, line 227
PASS Move constructor (1), ESMC_NlohmannJSONUTest.C, line 248
PASS Mock info constructor (2), ESMC_NlohmannJSONUTest.C, line 215
PASS Move constructor (2), ESMC_NlohmannJSONUTest.C, line 260
PASS Mock info constructor (3), ESMC_NlohmannJSONUTest.C, line 227
PASS Move constructor (1), ESMC_NlohmannJSONUTest.C, line 248
PASS Vector retrieval, ESMC_NlohmannJSONUTest.C, line 309
PASS Move constructor (2), ESMC_NlohmannJSONUTest.C, line 260
PASS Vector reservation, ESMC_NlohmannJSONUTest.C, line 332
PASS Vector retrieval, ESMC_NlohmannJSONUTest.C, line 309
PASS Vector reservation, ESMC_NlohmannJSONUTest.C, line 332
Beginning Test, file ESMC_NlohmannJSONUTest.C, line 79
Beginning Test, file ESMC_NlohmannJSONUTest.C, line 79NUMBER_OF_PROCESSORS 4
PASS Pointer to internal information, ESMC_NlohmannJSONUTest.C, line 364
PASS Pointer to internal information, ESMC_NlohmannJSONUTest.C, line 364
Beginning Test, file ESMC_NlohmannJSONUTest.C, line 79
Beginning Test, file ESMC_NlohmannJSONUTest.C, line 79NUMBER_OF_PROCESSORS 4
PASS Equality operator between in-memory and parse, ESMC_NlohmannJSONUTest.C, line 385
Ending Test, file ESMC_NlohmannJSONUTest.C, line 388
PASS Basic JSON Map Creation, ESMC_NlohmannJSONUTest.C, line 112
PASS Equality operator between in-memory and parse, ESMC_NlohmannJSONUTest.C, line 385
PASS Reference and pointer access using the JSON API (1), ESMC_NlohmannJSONUTest.C, line 132
Ending Test, file ESMC_NlohmannJSONUTest.C, line 388
PASS Reference and pointer access using the JSON API (2), ESMC_NlohmannJSONUTest.C, line 144
PASS Reference and pointer access using the JSON API (3), ESMC_NlohmannJSONUTest.C, line 157
PASS Reference and pointer access using the JSON API (4), ESMC_NlohmannJSONUTest.C, line 169
PASS Reference and pointer access using the JSON API (5), ESMC_NlohmannJSONUTest.C, line 181
PASS Mock info constructor (1), ESMC_NlohmannJSONUTest.C, line 200
PASS Mock info constructor (2), ESMC_NlohmannJSONUTest.C, line 215
PASS Basic JSON Map Creation, ESMC_NlohmannJSONUTest.C, line 112
PASS Mock info constructor (3), ESMC_NlohmannJSONUTest.C, line 227
PASS Reference and pointer access using the JSON API (1), ESMC_NlohmannJSONUTest.C, line 132
PASS Move constructor (1), ESMC_NlohmannJSONUTest.C, line 248
PASS Reference and pointer access using the JSON API (2), ESMC_NlohmannJSONUTest.C, line 144
PASS Move constructor (2), ESMC_NlohmannJSONUTest.C, line 260
PASS Reference and pointer access using the JSON API (3), ESMC_NlohmannJSONUTest.C, line 157
PASS Reference and pointer access using the JSON API (4), ESMC_NlohmannJSONUTest.C, line 169
PASS Vector retrieval, ESMC_NlohmannJSONUTest.C, line 309
PASS Reference and pointer access using the JSON API (5), ESMC_NlohmannJSONUTest.C, line 181
PASS Vector reservation, ESMC_NlohmannJSONUTest.C, line 332
PASS Mock info constructor (1), ESMC_NlohmannJSONUTest.C, line 200
PASS Mock info constructor (2), ESMC_NlohmannJSONUTest.C, line 215
PASS Mock info constructor (3), ESMC_NlohmannJSONUTest.C, line 227
PASS Pointer to internal information, ESMC_NlohmannJSONUTest.C, line 364
PASS Move constructor (1), ESMC_NlohmannJSONUTest.C, line 248
PASS Move constructor (2), ESMC_NlohmannJSONUTest.C, line 260
PASS Vector retrieval, ESMC_NlohmannJSONUTest.C, line 309
PASS Vector reservation, ESMC_NlohmannJSONUTest.C, line 332
PASS Pointer to internal information, ESMC_NlohmannJSONUTest.C, line 364
PASS Equality operator between in-memory and parse, ESMC_NlohmannJSONUTest.C, line 385
Ending Test, file ESMC_NlohmannJSONUTest.C, line 388
PASS Equality operator between in-memory and parse, ESMC_NlohmannJSONUTest.C, line 385
Ending Test, file ESMC_NlohmannJSONUTest.C, line 388
Ending Test, file ESMC_NlohmannJSONUTest.C, line 388 PET 0 Test Elapsed Time 1.521 msec.
Ending Test, file ESMC_NlohmannJSONUTest.C, line 388 PET 3 Test Elapsed Time 2.346 msec.
Ending Test, file ESMC_NlohmannJSONUTest.C, line 388 PET 1 Test Elapsed Time 2.37 msec.
Ending Test, file ESMC_NlohmannJSONUTest.C, line 388 PET 2 Test Elapsed Time 2.093 msec.
