build time -- 2022-07-17 01:20:00.190462
srun: cluster configuration lacks support for cpu binding
  Beginning Test, file ESMF_TypeKindGetUTest.F90, line 74
  Beginning Test, file ESMF_TypeKindGetUTest.F90, line 74
  NUMBER_OF_PROCESSORS           4
  Beginning Test, file ESMF_TypeKindGetUTest.F90, line 74
  NUMBER_OF_PROCESSORS           4
  Beginning Test, file ESMF_TypeKindGetUTest.F90, line 74
  NUMBER_OF_PROCESSORS           4
  PASS   Getting ESMF_TypeKind parameter of default integer, ESMF_TypeKindGetUTe
  PASS   Getting ESMF_TypeKind parameter of default integer, ESMF_TypeKindGetUTe
 st.F90, line 84
 st.F90, line 84
  PASS   Getting ESMF_TypeKind parameter of default integer, ESMF_TypeKindGetUTe
 st.F90, line 84
 The typekind of default integer is           3
  PASS  Dummy test to keep number of tests correct, ESMF_TypeKindGetUTest.F90, l
 ine 98
  PASS  Dummy test to keep number of tests correct, ESMF_TypeKindGetUTest.F90, l
 ine 109
 The typekind of default integer is           3
 The typekind of default integer is           3
  PASS  Dummy test to keep number of tests correct, ESMF_TypeKindGetUTest.F90, l
 ine 98
  PASS  Dummy test to keep number of tests correct, ESMF_TypeKindGetUTest.F90, l
  PASS  Dummy test to keep number of tests correct, ESMF_TypeKindGetUTest.F90, l
 ine 122
 ine 109
  PASS  Dummy test to keep number of tests correct, ESMF_TypeKindGetUTest.F90, l
 ine 122
  NUMBER_OF_PROCESSORS           4
  PASS   Getting ESMF_TypeKind parameter of default integer, ESMF_TypeKindGetUTe
 st.F90, line 84
  PASS  Dummy test to keep number of tests correct, ESMF_TypeKindGetUTest.F90, l
 ine 133
  PASS   Getting ESMF_TypeKind parameter of ESMF_KIND_I4 integer, ESMF_TypeKindG
 etUTest.F90, line 142
  PASS  Checking ESMF_TypeKind parameter for ESMF_KIND_I4 integer, ESMF_TypeKind
 GetUTest.F90, line 148
  PASS  Dummy test to keep number of tests correct, ESMF_TypeKindGetUTest.F90, l
 ine 133
  PASS   Getting ESMF_TypeKind parameter of ESMF_KIND_I4 integer, ESMF_TypeKindG
 etUTest.F90, line 142
 The typekind of default integer is           3
  PASS  Dummy test to keep number of tests correct, ESMF_TypeKindGetUTest.F90, l
 ine 98
  PASS  Getting ESMF_TypeKind parameter of ESMF_KIND_I8 integer, ESMF_TypeKindGe
 tUTest.F90, line 156
  PASS  Checking ESMF_TypeKind parameter for ESMF_KIND_I4 integer, ESMF_TypeKind
 GetUTest.F90, line 148
  PASS  Dummy test to keep number of tests correct, ESMF_TypeKindGetUTest.F90, l
 ine 109
  PASS  Dummy test to keep number of tests correct, ESMF_TypeKindGetUTest.F90, l
 ine 122
  PASS  Checking ESMF_TypeKind parameter for ESMF_KIND_I8 integer, ESMF_TypeKind
 GetUTest.F90, line 162
  PASS  Getting ESMF_TypeKind parameter of ESMF_KIND_I8 integer, ESMF_TypeKindGe
 tUTest.F90, line 156
  PASS  Dummy test to keep number of tests correct, ESMF_TypeKindGetUTest.F90, l
 ine 133
  PASS  Getting ESMF_TypeKind parameter of  real, ESMF_TypeKindGetUTest.F90, lin
 e 174
 The typekind of real is           5
  PASS  Getting ESMF_TypeKind parameter of ESMF_KIND_R4 real, ESMF_TypeKindGetUT
 est.F90, line 184
  PASS  Dummy test to keep number of tests correct, ESMF_TypeKindGetUTest.F90, l
 ine 98
  PASS  Checking ESMF_TypeKind parameter for ESMF_KIND_I8 integer, ESMF_TypeKind
 GetUTest.F90, line 162
  PASS  Getting ESMF_TypeKind parameter of  real, ESMF_TypeKindGetUTest.F90, lin
  PASS   Getting ESMF_TypeKind parameter of ESMF_KIND_I4 integer, ESMF_TypeKindG
  PASS  Checking ESMF_TypeKind parameter for ESMF_KIND_R4 real, ESMF_TypeKindGet
 UTest.F90, line 190
 e 174
  PASS  Dummy test to keep number of tests correct, ESMF_TypeKindGetUTest.F90, l
 ine 109
  PASS  Getting ESMF_TypeKind parameter of ESMF_KIND_R8 real, ESMF_TypeKindGetUT
 est.F90, line 198
 The typekind of real is           5
  PASS  Getting ESMF_TypeKind parameter of ESMF_KIND_R4 real, ESMF_TypeKindGetUT
 est.F90, line 184
  PASS  Checking ESMF_TypeKind parameter for ESMF_KIND_R8 real, ESMF_TypeKindGet
 UTest.F90, line 204
  PASS  Dummy test to keep number of tests correct, ESMF_TypeKindGetUTest.F90, l
  PASS  Checking ESMF_TypeKind parameter for ESMF_KIND_R4 real, ESMF_TypeKindGet
 UTest.F90, line 190
 etUTest.F90, line 142
  Ending Test, file ESMF_TypeKindGetUTest.F90, line 206
  PASS  Getting ESMF_TypeKind parameter of ESMF_KIND_R8 real, ESMF_TypeKindGetUT
 est.F90, line 198
  PASS  Checking ESMF_TypeKind parameter for ESMF_KIND_I4 integer, ESMF_TypeKind
 GetUTest.F90, line 148
 ine 122
  PASS  Checking ESMF_TypeKind parameter for ESMF_KIND_R8 real, ESMF_TypeKindGet
 UTest.F90, line 204
  PASS  Getting ESMF_TypeKind parameter of ESMF_KIND_I8 integer, ESMF_TypeKindGe
 tUTest.F90, line 156
  Ending Test, file ESMF_TypeKindGetUTest.F90, line 206
  PASS  Checking ESMF_TypeKind parameter for ESMF_KIND_I8 integer, ESMF_TypeKind
  PASS  Dummy test to keep number of tests correct, ESMF_TypeKindGetUTest.F90, l
 ine 133
  PASS   Getting ESMF_TypeKind parameter of ESMF_KIND_I4 integer, ESMF_TypeKindG
 etUTest.F90, line 142
 GetUTest.F90, line 162
  PASS  Checking ESMF_TypeKind parameter for ESMF_KIND_I4 integer, ESMF_TypeKind
  PASS  Getting ESMF_TypeKind parameter of  real, ESMF_TypeKindGetUTest.F90, lin
 e 174
 GetUTest.F90, line 148
 The typekind of real is           5
  PASS  Getting ESMF_TypeKind parameter of ESMF_KIND_R4 real, ESMF_TypeKindGetUT
 est.F90, line 184
  PASS  Checking ESMF_TypeKind parameter for ESMF_KIND_R4 real, ESMF_TypeKindGet
  PASS  Getting ESMF_TypeKind parameter of ESMF_KIND_I8 integer, ESMF_TypeKindGe
 UTest.F90, line 190
 tUTest.F90, line 156
  PASS  Getting ESMF_TypeKind parameter of ESMF_KIND_R8 real, ESMF_TypeKindGetUT
  PASS  Checking ESMF_TypeKind parameter for ESMF_KIND_I8 integer, ESMF_TypeKind
 GetUTest.F90, line 162
 est.F90, line 198
  PASS  Getting ESMF_TypeKind parameter of  real, ESMF_TypeKindGetUTest.F90, lin
  PASS  Checking ESMF_TypeKind parameter for ESMF_KIND_R8 real, ESMF_TypeKindGet
 UTest.F90, line 204
  Ending Test, file ESMF_TypeKindGetUTest.F90, line 206
 e 174
 The typekind of real is           5
  PASS  Getting ESMF_TypeKind parameter of ESMF_KIND_R4 real, ESMF_TypeKindGetUT
 est.F90, line 184
  PASS  Checking ESMF_TypeKind parameter for ESMF_KIND_R4 real, ESMF_TypeKindGet
 UTest.F90, line 190
  PASS  Getting ESMF_TypeKind parameter of ESMF_KIND_R8 real, ESMF_TypeKindGetUT
 est.F90, line 198
  PASS  Checking ESMF_TypeKind parameter for ESMF_KIND_R8 real, ESMF_TypeKindGet
 UTest.F90, line 204
  Ending Test, file ESMF_TypeKindGetUTest.F90, line 206
  PET           0  Test Elapsed Time    10.0880000000000       msec.
  PET           1  Test Elapsed Time    5.79499999999999       msec.
  PET           3  Test Elapsed Time    10.8540000000000       msec.
  PET           2  Test Elapsed Time    9.68100000000000       msec.
