build time -- 2022-06-16 16:30:35.512578
  Beginning Test, file ESMF_ArraySMMFromFileUTest.F90, line 104
  NUMBER_OF_PROCESSORS           4
  Beginning Test, file ESMF_ArraySMMFromFileUTest.F90, line 104
  NUMBER_OF_PROCESSORS           4
  Beginning Test, file ESMF_ArraySMMFromFileUTest.F90, line 104
  NUMBER_OF_PROCESSORS           4
  Beginning Test, file ESMF_ArraySMMFromFileUTest.F90, line 104
  NUMBER_OF_PROCESSORS           4
  PASS  ESMF_ArraySMMFromFile Unit Test, ESMF_ArraySMMFromFileUTest.F90, line 120
  PASS  ESMF_ArraySMMFromFile Unit Test, ESMF_ArraySMMFromFileUTest.F90, line 120
  PASS  ESMF_ArraySMMFromFile Unit Test, ESMF_ArraySMMFromFileUTest.F90, line 120
 test_smm_from_file_weights.nc - ESMF Offline Regridding Weight Generator
  
 Grid 1 min:    1.0005929367551678          Grid 1 max:    2.9994070632448326     
 Grid 2 min:    1.0005929367551678          Grid 2 max:    2.9994070632448326     
  
 Maximum negative weight =    0.0000000000000000     
 Maximum positive weight =    1.0000000000000000     
  
 Mean relative error     =    0.0000000000000000     
 Maximum relative error  =    0.0000000000000000     
 Least squares error     =    0.0000000000000000     
  
 Grid 1 area = 0.000000000000000
 Grid 2 area = 0.000000000000000
 Conservation error = 0.000000000000000
  PASS  ESMF_ArraySMMFromFile Unit Test, ESMF_ArraySMMFromFileUTest.F90, line 120
  PASS  ESMF_FieldSMMFromFile Unit Test, ESMF_ArraySMMFromFileUTest.F90, line 137
  Ending Test, file ESMF_ArraySMMFromFileUTest.F90, line 142
  PASS  ESMF_FieldSMMFromFile Unit Test, ESMF_ArraySMMFromFileUTest.F90, line 137
  Ending Test, file ESMF_ArraySMMFromFileUTest.F90, line 142
  PASS  ESMF_FieldSMMFromFile Unit Test, ESMF_ArraySMMFromFileUTest.F90, line 137
  Ending Test, file ESMF_ArraySMMFromFileUTest.F90, line 142
 test_smm_from_file_weights.nc - ESMF Offline Regridding Weight Generator
  
 Grid 1 min:    1.0005929367551678          Grid 1 max:    2.9994070632448326     
 Grid 2 min:    1.0005929367551678          Grid 2 max:    2.9994070632448326     
  
 Maximum negative weight =    0.0000000000000000     
 Maximum positive weight =    1.0000000000000000     
  
 Mean relative error     =    0.0000000000000000     
 Maximum relative error  =    0.0000000000000000     
 Least squares error     =    0.0000000000000000     
  
 Grid 1 area = 0.000000000000000
 Grid 2 area = 0.000000000000000
 Conservation error = 0.000000000000000
  PASS  ESMF_FieldSMMFromFile Unit Test, ESMF_ArraySMMFromFileUTest.F90, line 137
  Ending Test, file ESMF_ArraySMMFromFileUTest.F90, line 142
  PET           0  Test Elapsed Time    292.35199999999992       msec.
  PET           1  Test Elapsed Time    263.84399999999999       msec.
  PET           2  Test Elapsed Time    263.98699999999997       msec.
  PET           3  Test Elapsed Time    264.20500000000004       msec.
[mpiexec@i039.cgd.ucar.edu] HYDT_bscd_pbs_wait_for_completion (tools/bootstrap/external/pbs_wait.c:66): tm_poll(obit_event) failed with TM error 17002
[mpiexec@i039.cgd.ucar.edu] HYDT_bsci_wait_for_completion (tools/bootstrap/src/bsci_wait.c:23): launcher returned error waiting for completion
[mpiexec@i039.cgd.ucar.edu] HYD_pmci_wait_for_completion (pm/pmiserv/pmiserv_pmci.c:218): launcher returned error waiting for completion
[mpiexec@i039.cgd.ucar.edu] main (ui/mpich/mpiexec.c:340): process manager error waiting for completion
