build time -- 2022-06-16 02:53:23.202030
0:  Beginning Test, file ESMF_FieldMeshSMMUTest.F90, line 54
1:  Beginning Test, file ESMF_FieldMeshSMMUTest.F90, line 54
2:  Beginning Test, file ESMF_FieldMeshSMMUTest.F90, line 54
3:  Beginning Test, file ESMF_FieldMeshSMMUTest.F90, line 54
0:  NUMBER_OF_PROCESSORS           4
1:  NUMBER_OF_PROCESSORS           4
2:  NUMBER_OF_PROCESSORS           4
3:  NUMBER_OF_PROCESSORS           4
1:  PASS  FieldMeshSMM test using localPet for both src and dst, with halos, ESMF_
1: FieldMeshSMMUTest.F90, line 68
2:  PASS  FieldMeshSMM test using localPet for both src and dst, with halos, ESMF_
2: FieldMeshSMMUTest.F90, line 68
3:  PASS  FieldMeshSMM test using localPet for both src and dst, with halos, ESMF_
3: FieldMeshSMMUTest.F90, line 68
0:  PASS  FieldMeshSMM test using localPet for both src and dst, with halos, ESMF_
0: FieldMeshSMMUTest.F90, line 68
3:  Ending Test, file ESMF_FieldMeshSMMUTest.F90, line 71
0:  Ending Test, file ESMF_FieldMeshSMMUTest.F90, line 71
2:  Ending Test, file ESMF_FieldMeshSMMUTest.F90, line 71
1:  Ending Test, file ESMF_FieldMeshSMMUTest.F90, line 71
0:  PET           0  Test Elapsed Time    9.16600000000000       msec.
1:  PET           1  Test Elapsed Time    9.14100000000000       msec.
2:  PET           2  Test Elapsed Time    9.11900000000000       msec.
3:  PET           3  Test Elapsed Time    9.12900000000000       msec.
