build time -- 2022-07-06 01:17:54
  Beginning Test, file ESMF_AttributeUpdateReconcileUTest.F90, line 383
  Beginning Test, file ESMF_AttributeUpdateReconcileUTest.F90, line 383
  NUMBER_OF_PROCESSORS           2
  NUMBER_OF_PROCESSORS           2
  PASS  PET            0 : Getting an updated Attribute value from a Component t
 est: value = doodle, ESMF_AttributeUpdateReconcileUTest.F90, line 476
  PASS  PET            1 : Getting an updated Attribute value from a Component t
 est: value = doodle, ESMF_AttributeUpdateReconcileUTest.F90, line 476
  PASS  PET            0 : Getting an updated Attribute value from a Component t
 est: value = doodle, ESMF_AttributeUpdateReconcileUTest.F90, line 491
  PASS  PET            1 : Getting an updated Attribute value from a Component t
 est: value = doodle, ESMF_AttributeUpdateReconcileUTest.F90, line 491
  Ending Test, file ESMF_AttributeUpdateReconcileUTest.F90, line 515
  Ending Test, file ESMF_AttributeUpdateReconcileUTest.F90, line 515
  PET           0  Test Elapsed Time    7.90299999999999       msec.
  PET           1  Test Elapsed Time    9.83800000000001       msec.
