build time -- 2022-07-15 00:48:09
srun: error: get_addr_info: getaddrinfo() failed: Name or service not known
srun: error: slurm_set_addr: Unable to resolve "c4-slurm-backup"
srun: error: slurm_set_port: attempting to set port without address family
srun: error: get_addr_info: getaddrinfo() failed: Name or service not known
srun: error: slurm_set_addr: Unable to resolve "c4-slurm-backup"
srun: error: slurm_set_port: attempting to set port without address family
  Beginning Test, file ESMF_FieldGatherUTest.F90, line 58
  NUMBER_OF_PROCESSORS           4
  Beginning Test, file ESMF_FieldGatherUTest.F90, line 58
  NUMBER_OF_PROCESSORS           4
  Beginning Test, file ESMF_FieldGatherUTest.F90, line 58
  NUMBER_OF_PROCESSORS           4
  Beginning Test, file ESMF_FieldGatherUTest.F90, line 58
  NUMBER_OF_PROCESSORS           4
  PASS  FieldGather 1d test, ESMF_FieldGatherUTest.F90, line 72
  PASS  FieldGather 1d test, ESMF_FieldGatherUTest.F90, line 72
  PASS  FieldGather 1d test, ESMF_FieldGatherUTest.F90, line 72
  PASS  FieldGather 1d test, ESMF_FieldGatherUTest.F90, line 72
  PASS  FieldGather 2d test, ESMF_FieldGatherUTest.F90, line 80
  PASS  FieldGather 2d test, ESMF_FieldGatherUTest.F90, line 80
  PASS  FieldGather 2d test, ESMF_FieldGatherUTest.F90, line 80
  PASS  FieldGather 2d test, ESMF_FieldGatherUTest.F90, line 80
  PASS  FieldGather 3d test, ESMF_FieldGatherUTest.F90, line 88
  PASS  FieldGather 3d test, ESMF_FieldGatherUTest.F90, line 88
  PASS  FieldGather 3d test, ESMF_FieldGatherUTest.F90, line 88
  PASS  FieldGather 3d test, ESMF_FieldGatherUTest.F90, line 88
  PASS  FieldScatter 2d test, ESMF_FieldGatherUTest.F90, line 96
  PASS  FieldScatter 2d test, ESMF_FieldGatherUTest.F90, line 96
  Ending Test, file ESMF_FieldGatherUTest.F90, line 99
  PASS  FieldScatter 2d test, ESMF_FieldGatherUTest.F90, line 96
  Ending Test, file ESMF_FieldGatherUTest.F90, line 99
  PASS  FieldScatter 2d test, ESMF_FieldGatherUTest.F90, line 96
  Ending Test, file ESMF_FieldGatherUTest.F90, line 99
  Ending Test, file ESMF_FieldGatherUTest.F90, line 99
  PET           2  Test Elapsed Time    43.3490000000000       msec.
  PET           1  Test Elapsed Time    43.6790000000000       msec.
  PET           0  Test Elapsed Time    8.86700000000000       msec.
  PET           3  Test Elapsed Time    43.6450000000000       msec.
