build time -- 2022-06-21 02:06:11.152925
Beginning Test, file ESMC_IO_InqUTest.C, line 59
Beginning Test, file ESMC_IO_InqUTest.C, line 59NUMBER_OF_PROCESSORS 1
grid_rank=2
grid_dims=[128,64]
PASS ScripInq, ESMC_IO_InqUTest.C, line 92
ndims=1
grid_dims=[320,160]
PASS GridspecInq, ESMC_IO_InqUTest.C, line 112
Ending Test, file ESMC_IO_InqUTest.C, line 116
Ending Test, file ESMC_IO_InqUTest.C, line 116 PET 0 Test Elapsed Time 2.313 msec.
