build time -- 2022-07-17 00:55:30
Name: MyArrayBundle	  Convention: customconvention2	  Purpose: custompurpose2	


