build time -- 2022-07-16 01:17:55.246803
srun: cluster configuration lacks support for cpu binding
  Beginning Test, file ESMF_FieldBundleRegridUTest.F90, line 56
  Beginning Test, file ESMF_FieldBundleRegridUTest.F90, line 56
  NUMBER_OF_PROCESSORS           4
  Beginning Test, file ESMF_FieldBundleRegridUTest.F90, line 56
  Beginning Test, file ESMF_FieldBundleRegridUTest.F90, line 56
  NUMBER_OF_PROCESSORS           4
  NUMBER_OF_PROCESSORS           4
  NUMBER_OF_PROCESSORS           4
  PASS  FieldBundleRegrid between a 0 to 360 sphere and a -180 to 180 sphere, ESMF_FieldBundleRegridUTest.F90, line 67
  PASS  FieldBundleRegrid between a 0 to 360 sphere and a -180 to 180 sphere, ESMF_FieldBundleRegridUTest.F90, line 67
  PASS  FieldBundleRegrid between a 0 to 360 sphere and a -180 to 180 sphere, ESMF_FieldBundleRegridUTest.F90, line 67
  PASS  FieldBundleRegrid between a 0 to 360 sphere and a -180 to 180 sphere, ESMF_FieldBundleRegridUTest.F90, line 67
 utest src field name = src360_L                                                        
 utest dst field name = dst360_B                                                        
 utest src field name = src360_L                                                        
 utest dst field name = dst360_B                                                        
 utest src field name = src360_L                                                        
 utest src field name = src360_L                                                        
 utest dst field name = dst360_B                                                        
 utest dst field name = dst360_B                                                        
 utest src field name = src360_G                                                        
 utest dst field name = dst360_Y                                                        
 utest src field name = src360_G                                                        
 utest src field name = src360_G                                                        
 utest dst field name = dst360_Y                                                        
 utest dst field name = dst360_Y                                                        
 utest src field name = src360_G                                                        
 utest src field name = src360_X                                                        
 utest dst field name = dst360_T                                                        
 utest src field name = src360_X                                                        
 utest dst field name = dst360_T                                                        
 utest dst field name = dst360_Y                                                        
 utest src field name = src360_X                                                        
 utest src field name = src360_A                                                        
 utest dst field name = dst360_S                                                        
 utest src field name = src360_A                                                        
 utest dst field name = dst360_S                                                        
 utest dst field name = dst360_T                                                        
 utest src field name = src360_X                                                        
 utest dst field name = dst360_T                                                        
 utest src field name = src360_C                                                        
 utest dst field name = dst360_P                                                        
 utest src field name = src360_C                                                        
 utest dst field name = dst360_P                                                        
 utest src field name = src360_A                                                        
 utest dst field name = dst360_S                                                        
 utest src field name = src360_A                                                        
 utest dst field name = dst360_S                                                        
 utest src field name = src360_H                                                        
 utest dst field name = dst360_N                                                        
  PASS  FieldBundleRegrid between a 0 to 360 sphere and a -180 to 180 sphere, ESMF_FieldBundleRegridUTest.F90, line 74
 utest src field name = src360_C                                                        
 utest src field name = src360_C                                                        
 utest dst field name = dst360_P                                                        
 utest dst field name = dst360_P                                                        
 utest src field name = src360_H                                                        
 utest src field name = src360_H                                                        
 utest dst field name = dst360_N                                                        
 utest dst field name = dst360_N                                                        
  PASS  FieldBundleRegrid between a 0 to 360 sphere and a -180 to 180 sphere, ESMF_FieldBundleRegridUTest.F90, line 74
 utest src field name = src360_H                                                        
 utest dst field name = dst360_N                                                        
  PASS  FieldBundleRegrid between a 0 to 360 sphere and a -180 to 180 sphere, ESMF_FieldBundleRegridUTest.F90, line 74
  PASS  FieldBundleRegrid between a 0 to 360 sphere and a -180 to 180 sphere, ESMF_FieldBundleRegridUTest.F90, line 74
  PASS  FieldBundleRegrid sphere with mask, ESMF_FieldBundleRegridUTest.F90, line 90
  PASS  FieldBundleRegrid sphere with mask, ESMF_FieldBundleRegridUTest.F90, line 90
  PASS  FieldBundleRegrid sphere with mask, ESMF_FieldBundleRegridUTest.F90, line 90
  PASS  FieldBundleRegrid sphere with mask, ESMF_FieldBundleRegridUTest.F90, line 90
  PASS  FieldBundleRegrid between a 0 to 360 sphere and a LocStream, ESMF_FieldBundleRegridUTest.F90, line 97
  PASS  FieldBundleRegrid between a 0 to 360 sphere and a LocStream, ESMF_FieldBundleRegridUTest.F90, line 97
  Ending Test, file ESMF_FieldBundleRegridUTest.F90, line 102
  PASS  FieldBundleRegrid between a 0 to 360 sphere and a LocStream, ESMF_FieldBundleRegridUTest.F90, line 97
  Ending Test, file ESMF_FieldBundleRegridUTest.F90, line 102
  PASS  FieldBundleRegrid between a 0 to 360 sphere and a LocStream, ESMF_FieldBundleRegridUTest.F90, line 97
  Ending Test, file ESMF_FieldBundleRegridUTest.F90, line 102
  Ending Test, file ESMF_FieldBundleRegridUTest.F90, line 102
  PET           0  Test Elapsed Time    271.89600000000002       msec.
  PET           1  Test Elapsed Time    270.67400000000004       msec.
  PET           2  Test Elapsed Time    271.27999999999997       msec.
  PET           3  Test Elapsed Time    267.31300000000005       msec.
