build time -- 2022-06-16 16:29:32.873695
Beginning Test, file ESMC_ConfigUTest.C, line 44
Beginning Test, file ESMC_ConfigUTest.C, line 44NUMBER_OF_PROCESSORS 4
PASS ESMC_Initialize Unit test, ESMC_ConfigUTest.C, line 52
PASS ConfigCreate Unit test, ESMC_ConfigUTest.C, line 61
Beginning Test, file ESMC_ConfigUTest.C, line 44
Beginning Test, file ESMC_ConfigUTest.C, line 44NUMBER_OF_PROCESSORS 4
PASS ESMC_Initialize Unit test, ESMC_ConfigUTest.C, line 52
Beginning Test, file ESMC_ConfigUTest.C, line 44
Beginning Test, file ESMC_ConfigUTest.C, line 44NUMBER_OF_PROCESSORS 4
PASS ConfigCreate Unit test, ESMC_ConfigUTest.C, line 61
PASS ESMC_Initialize Unit test, ESMC_ConfigUTest.C, line 52
Beginning Test, file ESMC_ConfigUTest.C, line 44
Beginning Test, file ESMC_ConfigUTest.C, line 44NUMBER_OF_PROCESSORS 4
PASS ConfigCreate Unit test, ESMC_ConfigUTest.C, line 61
PASS ESMC_Initialize Unit test, ESMC_ConfigUTest.C, line 52
PASS ConfigCreate Unit test, ESMC_ConfigUTest.C, line 61
PASS ConfigLoadFile Unit test, ESMC_ConfigUTest.C, line 70
PASS ConfigDestroy Unit test, ESMC_ConfigUTest.C, line 79
PASS ConfigCreate Unit test, ESMC_ConfigUTest.C, line 88
PASS ConfigLoadFile Unit test, ESMC_ConfigUTest.C, line 70
PASS ConfigDestroy Unit test, ESMC_ConfigUTest.C, line 79
PASS ConfigLoadFile Unit test, ESMC_ConfigUTest.C, line 70
PASS ConfigDestroy Unit test, ESMC_ConfigUTest.C, line 79
PASS ConfigCreate Unit test, ESMC_ConfigUTest.C, line 88
PASS ConfigCreate Unit test, ESMC_ConfigUTest.C, line 88
PASS ConfigLoadFile Unit test, ESMC_ConfigUTest.C, line 70
PASS ConfigDestroy Unit test, ESMC_ConfigUTest.C, line 79
PASS ConfigCreate Unit test, ESMC_ConfigUTest.C, line 88
PASS ConfigLoadFile Unit test - optional arg, ESMC_ConfigUTest.C, line 99
PASS ConfigValidate Unit test, ESMC_ConfigUTest.C, line 108
PASS ConfigLoadFile Unit test - optional arg, ESMC_ConfigUTest.C, line 99
PASS ConfigValidate Unit test, ESMC_ConfigUTest.C, line 108
PASS ConfigLoadFile Unit test - optional arg, ESMC_ConfigUTest.C, line 99
PASS ConfigValidate Unit test, ESMC_ConfigUTest.C, line 108
PASS ConfigGetDim Unit test, ESMC_ConfigUTest.C, line 117
PASS ConfigLoadFile Unit test - optional arg, ESMC_ConfigUTest.C, line 99
PASS ConfigValidate Unit test, ESMC_ConfigUTest.C, line 108
PASS ConfigCreate Unit test, ESMC_ConfigUTest.C, line 128
PASS ConfigGetDim Unit test, ESMC_ConfigUTest.C, line 117
PASS ConfigCreate Unit test, ESMC_ConfigUTest.C, line 128
PASS ConfigGetDim Unit test, ESMC_ConfigUTest.C, line 117
PASS ConfigCreate Unit test, ESMC_ConfigUTest.C, line 128
PASS ConfigGetDim Unit test, ESMC_ConfigUTest.C, line 117
PASS ConfigCreate Unit test, ESMC_ConfigUTest.C, line 128
PASS ConfigLoadFile Unit test, ESMC_ConfigUTest.C, line 141
PASS ConfigCreateFromSection Empty Unit test, ESMC_ConfigUTest.C, line 152
PASS ConfigPrint Empty Section Unit test, ESMC_ConfigUTest.C, line 161
PASS ConfigDestroy from Empty Section Unit test, ESMC_ConfigUTest.C, line 170
PASS ConfigLoadFile Unit test, ESMC_ConfigUTest.C, line 141
PASS ConfigCreateFromSection Unit test, ESMC_ConfigUTest.C, line 181
section_token:  'This is a section example'
number_bins: 5
lower_radius:   PASS ConfigCreateFromSection Empty Unit test, ESMC_ConfigUTest.C, line 152
PASS ConfigPrint Empty Section Unit test, ESMC_ConfigUTest.C, line 161
    0.1    1.0    1.8    3.0   6.0
upperPASS ConfigDestroy from Empty Section Unit test, ESMC_ConfigUTest.C, line 170
_radius:       1.0    1.8    3.0    6.0  10PASS ConfigLoadFile Unit test, ESMC_ConfigUTest.C, line 141
.0
effective_radius:  0.73    1.4    2.4    4.5   8.0
fraction:           0.1   0.25   0.25   0.25  0.25
PASS ConfigPrint Section Unit test, ESMC_ConfigUTest.C, line 190
PASS ConfigDestroy from Section Unit test, ESMC_ConfigUTest.C, line 199
PASS ConfigCreateFromSection Empty Unit test, ESMC_ConfigUTest.C, line 152
PASS ConfigPrint Empty Section Unit test, ESMC_ConfigUTest.C, line 161
PASS ConfigCreateFromSection Unit test, ESMC_ConfigUTest.C, line 181
sectsection_token:  'This isPASS ConfigCreateFromSection with Table Unit test, ESMC_ConfigUTest.C, line 210
PASS ConfigDestroy from Empty Section Unit test, ESMC_ConfigUTest.C, line 170
ion_table_token: 'This example deals with sections a section example'
number_bins: 5
lower_r including a table'
sectioadius:       0.1    1.0 n_data_num: 9
section_data   1.8    3.0   6.0
upp_values:  0.71   1.37   2.6er_radius:       1.0    3   5.00   9.50   18.1   1.8    3.0    6.0  10.34.5   65.5  125.0
sectio0
effective_radius:  n_table::
0.1 0.2 0.3 0.40.73    1.4    2.4    4. 0.5
1.1 1.2 1.3 1.4 1.5
2.15   8.0
fraction:         2.2 2.3 2.4 2.5
::
   0.1   0.25   0.25   0.25  0.25
PASS ConfigPrint Section with Table Unit test, ESMC_ConfigUTest.C, line 219
PASS ConfigFindLabel in Section with Table Unit test, ESMC_ConfigUTest.C, line 230
PASS ConfigFindLabel in Section presence Unit test, ESMC_ConfigUTest.C, line 238
PASS ConfigPrint Section Unit test, ESMC_ConfigUTest.C, line 190
sectioPASS ConfigFindNextLabel in Section with Table Unit test, ESMC_ConfigUTest.C, line 249
PASS ConfigFindNextLabel in Section presence Unit test, ESMC_ConfigUTest.C, line 257
PASS ConfigCreateFromSection Unit test, ESMC_ConfigUTest.C, line 181
PASS ConfigDestroy from Section Unit test, ESMC_ConfigUTest.C, line 199
n_token:  'This is a section example'
numberPASS ConfigDestroy from Section with Table Unit test, ESMC_ConfigUTest.C, line 266
PASS ConfigFindLabel Unit test, ESMC_ConfigUTest.C, line 278
PASS ConfigFindLabel presence Unit test, ESMC_ConfigUTest.C, line 286
_bins: 5
lower_radius: PASS ConfigNextLine Unit test, ESMC_ConfigUTest.C, line 296
      0.1    1.0    1.8    3.0   6.0PASS ConfigGetLen Unit test - no optional arguments, ESMC_ConfigUTest.C, line 308

upper_radius:       1.PASS ConfigFindLabel of non-present label Unit test, ESMC_ConfigUTest.C, line 319
PASS ConfigFindLabel presence Unit test, ESMC_ConfigUTest.C, line 327
PASS ConfigLoadFile Unit test, ESMC_ConfigUTest.C, line 141
0    1.8    3.0    6.0  10.0
effecsection_table_token: 'This example deals wiPASS ConfigDestroy Unit test, ESMC_ConfigUTest.C, line 337
Ending Test, file ESMC_ConfigUTest.C, line 341
PASS ConfigCreateFromSection with Table Unit test, ESMC_ConfigUTest.C, line 210
tive_radius:  0.73    1.4    2.4    4.5   8th sections including a table'
section_data_n.0
fraction:           0um: 9
section_data_val.1   0.25   0.25   0.2ues:  0.71   1.37   2.63 5  0.25
  5.00   9.50   18.1   PASS ConfigPrint Section Unit test, ESMC_ConfigUTest.C, line 190
34.5   65.5  125.0
sectPASS ConfigDestroy from Section Unit test, ESMC_ConfigUTest.C, line 199
ion_table::
0.1 0.2 0.PASS ConfigCreateFromSection Empty Unit test, ESMC_ConfigUTest.C, line 152
PASS ConfigPrint Empty Section Unit test, ESMC_ConfigUTest.C, line 161
3 0.4 0.5
1.1 1.2 1.3 1.4 1.5
2.1 2PASS ConfigDestroy from Empty Section Unit test, ESMC_ConfigUTest.C, line 170
.2 2.3 2.4 2.5
::
PASS ConfigPrint Section with Table Unit test, ESMC_ConfigUTest.C, line 219
PASS ConfigFindLabel in Section with Table Unit test, ESMC_ConfigUTest.C, line 230
PASS ConfigFindLabel in Section presence Unit test, ESMC_ConfigUTest.C, line 238
sectionPASS ConfigCreateFromSection with Table Unit test, ESMC_ConfigUTest.C, line 210
_table_token: 'This exaPASS ConfigFindNextLabel in Section with Table Unit test, ESMC_ConfigUTest.C, line 249
PASS ConfigFindNextLabel in Section presence Unit test, ESMC_ConfigUTest.C, line 257
mple deals with sectionsPASS ConfigDestroy from Section with Table Unit test, ESMC_ConfigUTest.C, line 266
 including a table'
sePASS ConfigFindLabel Unit test, ESMC_ConfigUTest.C, line 278
PASS ConfigFindLabel presence Unit test, ESMC_ConfigUTest.C, line 286
ction_data_num: 9
sectiPASS ConfigNextLine Unit test, ESMC_ConfigUTest.C, line 296
on_data_values:  0.71   1.37   2.63   5.00   9.50  PASS ConfigGetLen Unit test - no optional arguments, ESMC_ConfigUTest.C, line 308
PASS ConfigFindLabel of non-present label Unit test, ESMC_ConfigUTest.C, line 319
 18.1   34.5   65.5  1PASS ConfigFindLabel presence Unit test, ESMC_ConfigUTest.C, line 327
25.0
section_table::
0.1 0.2 0.3 0PASS ConfigDestroy Unit test, ESMC_ConfigUTest.C, line 337
Ending Test, file ESMC_ConfigUTest.C, line 341
.4 0.5
1.1 1.2 1.3 1.4 1section_token:  'This is PASS ConfigCreateFromSection Unit test, ESMC_ConfigUTest.C, line 181
.5
2.1 2.2 2.3 2.4 2.5
::
a section example'
number_bins: 5
lower_radiuPASS ConfigPrint Section with Table Unit test, ESMC_ConfigUTest.C, line 219
PASS ConfigFindLabel in Section with Table Unit test, ESMC_ConfigUTest.C, line 230
s:       0.1    1.0    1.PASS ConfigFindLabel in Section presence Unit test, ESMC_ConfigUTest.C, line 238
PASS ConfigFindNextLabel in Section with Table Unit test, ESMC_ConfigUTest.C, line 249
8    3.0   6.0
upper_radius:       PASS ConfigFindNextLabel in Section presence Unit test, ESMC_ConfigUTest.C, line 257
1.0    1.8    3.0    6.0 PASS ConfigDestroy from Section with Table Unit test, ESMC_ConfigUTest.C, line 266
PASS ConfigFindLabel Unit test, ESMC_ConfigUTest.C, line 278
 10.0
effective_radiusPASS ConfigFindLabel presence Unit test, ESMC_ConfigUTest.C, line 286
PASS ConfigNextLine Unit test, ESMC_ConfigUTest.C, line 296
:  0.73    1.4    2.4    4.5   8.0
fraction:           0.1   0.2PASS ConfigGetLen Unit test - no optional arguments, ESMC_ConfigUTest.C, line 308
PASS ConfigFindLabel of non-present label Unit test, ESMC_ConfigUTest.C, line 319
5   0.25   0.25  0.25
PASS ConfigFindLabel presence Unit test, ESMC_ConfigUTest.C, line 327
PASS ConfigPrint Section Unit test, ESMC_ConfigUTest.C, line 190
PASS ConfigDestroy Unit test, ESMC_ConfigUTest.C, line 337
PASS ConfigDestroy from Section Unit test, ESMC_ConfigUTest.C, line 199
Ending Test, file ESMC_ConfigUTest.C, line 341
sectiPASS ConfigCreateFromSection with Table Unit test, ESMC_ConfigUTest.C, line 210
on_table_token: 'This example deals with sections including a table'
section_data_num: 9
section_data_values:  0.71   1.37   2.63   5.00   9.50   18.1   34.5   65.5  125.0
section_table::
0.1 0.2 0.3 0.4 0.5
1.1 1.2 1.3 1.4 1.5
2.1 2.2 2.3 2.4 2.5
::
PASS ConfigPrint Section with Table Unit test, ESMC_ConfigUTest.C, line 219
PASS ConfigFindLabel in Section with Table Unit test, ESMC_ConfigUTest.C, line 230
PASS ConfigFindLabel in Section presence Unit test, ESMC_ConfigUTest.C, line 238
PASS ConfigFindNextLabel in Section with Table Unit test, ESMC_ConfigUTest.C, line 249
PASS ConfigFindNextLabel in Section presence Unit test, ESMC_ConfigUTest.C, line 257
PASS ConfigDestroy from Section with Table Unit test, ESMC_ConfigUTest.C, line 266
PASS ConfigFindLabel Unit test, ESMC_ConfigUTest.C, line 278
PASS ConfigFindLabel presence Unit test, ESMC_ConfigUTest.C, line 286
PASS ConfigNextLine Unit test, ESMC_ConfigUTest.C, line 296
PASS ConfigGetLen Unit test - no optional arguments, ESMC_ConfigUTest.C, line 308
PASS ConfigFindLabel of non-present label Unit test, ESMC_ConfigUTest.C, line 319
PASS ConfigFindLabel presence Unit test, ESMC_ConfigUTest.C, line 327
PASS ConfigDestroy Unit test, ESMC_ConfigUTest.C, line 337
Ending Test, file ESMC_ConfigUTest.C, line 341
Ending Test, file ESMC_ConfigUTest.C, line 341 PET 2 Test Elapsed Time 18.613 msec.
Ending Test, file ESMC_ConfigUTest.C, line 341 PET 1 Test Elapsed Time 18.495 msec.
Ending Test, file ESMC_ConfigUTest.C, line 341 PET 0 Test Elapsed Time 19.294 msec.
Ending Test, file ESMC_ConfigUTest.C, line 341 PET 3 Test Elapsed Time 18.387 msec.
