build time -- 2022-07-22 02:38:49
 Start of System Test ConcurrentComponent.
 Start of System Test ConcurrentComponent.
 Start of System Test ConcurrentComponent.
 Start of System Test ConcurrentComponent.
 Start of System Test ConcurrentComponent.
 Start of System Test ConcurrentComponent.
 Start of System Test ConcurrentComponent.
 Start of System Test ConcurrentComponent.
[1658476746.108127] [Orion-03-23:151114:0]       ib_verbs.h:84   UCX  ERROR ibv_exp_query_device(mlx5_0) returned 38: No space left on device
[1658476746.113090] [Orion-03-23:151120:0]       ib_verbs.h:84   UCX  ERROR ibv_exp_query_device(mlx5_0) returned 38: No space left on device
[1658476746.113191] [Orion-03-23:151118:0]       ib_verbs.h:84   UCX  ERROR ibv_exp_query_device(mlx5_0) returned 38: No space left on device
[1658476746.113565] [Orion-03-23:151116:0]       ib_verbs.h:84   UCX  ERROR ibv_exp_query_device(mlx5_0) returned 38: No space left on device
[1658476746.117844] [Orion-03-23:151119:0]       ib_verbs.h:84   UCX  ERROR ibv_exp_query_device(mlx5_0) returned 38: No space left on device
[1658476746.117981] [Orion-03-23:151117:0]       ib_verbs.h:84   UCX  ERROR ibv_exp_query_device(mlx5_0) returned 38: No space left on device
[1658476746.118013] [Orion-03-23:151115:0]       ib_verbs.h:84   UCX  ERROR ibv_exp_query_device(mlx5_0) returned 38: No space left on device
[1658476746.118071] [Orion-03-23:151113:0]       ib_verbs.h:84   UCX  ERROR ibv_exp_query_device(mlx5_0) returned 38: No space left on device
 Comp1 SetVM finished, rc=            0           0
 Comp1 SetVM finished, rc=            0           0
 Comp1 SetVM finished, rc=            0           0
 Comp1 SetServices finished, rc=            0           0
 Comp1 SetVM finished, rc=            0           0
 Comp1 SetVM finished, rc=            0           0
 Comp1 SetServices finished, rc=            0           0
 Comp2 SetVM finished, rc=            0           0
 Comp1 SetVM finished, rc=            0           0
 Comp1 SetVM finished, rc=            0           0
 Comp1 SetServices finished, rc=            0           0
 Comp2 SetVM finished, rc=            0           0
 Comp2 SetServices finished, rc=            0           0
 Cpl SetVM finished, rc=            0           0
 Cpl SetServices finished, rc=            0           0
 Comp1 SetServices finished, rc=            0           0
 Comp2 SetVM finished, rc=            0           0
 Comp1 SetVM finished, rc=            0           0
 In user 1 register routine
 Comp2 SetVM finished, rc=            0           0
 In user 1 register routine
 Comp1 SetServices finished, rc=            0           0
 Comp2 SetVM finished, rc=            0           0
 Comp2 SetServices finished, rc=            0           0
 Cpl SetVM finished, rc=            0           0
 In user 2 register routine
 Comp2 SetServices finished, rc=            0           0
 Cpl SetVM finished, rc=            0           0
 Comp1 SetServices finished, rc=            0           0
 Comp2 SetVM finished, rc=            0           0
 Comp2 SetServices finished, rc=            0           0
 Cpl SetVM finished, rc=            0           0
 In user 2 register routine
 Comp2 SetServices finished, rc=            0           0
 Cpl SetVM finished, rc=            0           0
 In user 1 register routine
 Comp1 SetServices finished, rc=            0           0
 Comp2 SetVM finished, rc=            0           0
 Comp2 SetServices finished, rc=            0           0
 Cpl SetVM finished, rc=            0           0
 In user 2 register routine
 Comp2 SetServices finished, rc=            0           0
 Cpl SetVM finished, rc=            0           0
 In user 1 register routine
 Comp1 SetServices finished, rc=            0           0
 Comp2 SetVM finished, rc=            0           0
 Comp2 SetServices finished, rc=            0           0
 Cpl SetVM finished, rc=            0           0
 in user coupler register routine
 Cpl SetServices finished, rc=            0           0
 in user coupler register routine
 Cpl SetServices finished, rc=            0           0
 in user coupler register routine
 Cpl SetServices finished, rc=            0           0
 in user coupler register routine
 Cpl SetServices finished, rc=            0           0
 in user coupler register routine
 Cpl SetServices finished, rc=            0           0
 in user coupler register routine
 Cpl SetServices finished, rc=            0           0
 in user coupler register routine
 Cpl SetServices finished, rc=            0           0
 System Test ConcurrentComponent complete.
  PASS  System Test ConcurrentComponent: Array Concurrent Components, ESMF_ConcurrentCompSTest.F90, line 507
 
  System Test ConcurrentComponent: Array Concurrent Components
  SUCCESS: Concurrent Component test finished correctly.
 
 In user 1 init routine
 In user 2 init routine
 In user 1 init routine
 In user 2 init routine
 In user 2 init routine
 In user 1 init routine
 In user 1 init routine
 User Coupler Init starting
 User Coupler Init starting
 User Coupler Init starting
 User Coupler Init starting
 User Coupler Init starting
 User Coupler Init starting
 User Coupler Init starting
 User Coupler Run starting
 In user 1 run routine
 User Coupler Run starting
 In user 1 run routine
 User Coupler Run starting
 In user 1 run routine
 User Coupler Run starting
 In user 1 run routine
 User Coupler Run starting
 User Coupler Run starting
 In user 2 run routine
 User Coupler Run starting
 In user 2 run routine
 In user 1 run routine
 User Coupler Run starting
 In user 1 run routine
 User Coupler Run starting
 In user 2 run routine
 User Coupler Run starting
 In user 1 run routine
 User Coupler Run starting
 In user 1 run routine
 User Coupler Run starting
 User Coupler Run starting
 In user 2 run routine
 User Coupler Run starting
 In user 1 run routine
 User Coupler Run starting
 In user 1 run routine
 User Coupler Run starting
 In user 1 run routine
 User Coupler Run starting
 User Coupler Run starting
 In user 2 run routine
 User Coupler Run starting
 In user 1 run routine
 User Coupler Run starting
 In user 1 run routine
 User Coupler Run starting
 In user 1 run routine
 User Coupler Run starting
 In user 1 run routine
 User Coupler Run starting
 In user 1 run routine
 User Coupler Run starting
 In user 2 run routine
 User Coupler Run starting
 In user 2 run routine
 User Coupler Run starting
 In user 1 run routine
 User Coupler Run starting
 In user 1 run routine
 User Coupler Run starting
 In user 2 run routine
 User Coupler Run starting
 In user 2 run routine
 User Coupler Run starting
 In user 1 run routine
 User Coupler Run starting
 In user 1 run routine
 User Coupler Run starting
 In user 2 run routine
 User Coupler Run starting
 In user 2 run routine
 User Coupler Run starting
 In user 1 run routine
 User Coupler Run starting
 In user 1 run routine
 User Coupler Run starting
 In user 1 run routine
 User Coupler Run starting
 In user 2 run routine
 User Coupler Run starting
 In user 2 run routine
 User Coupler Run starting
 In user 1 run routine
 User Coupler Run starting
 In user 1 final routine
 In user 2 run routine
 User Coupler Run starting
 In user 2 run routine
 User Coupler Run starting
 In user 2 run routine
 In user 1 final routine
 User Coupler Final starting
 In user 2 run routine
 In user 2 final routine
 In user 1 final routine
 User Coupler Final starting
 In user 2 final routine
 User Coupler Final starting
 In user 1 final routine
 User Coupler Final starting
 System Test ConcurrentComponent complete.
 
  System Test ConcurrentComponent: Array Concurrent Components
  SUCCESS: Concurrent Component test finished correctly.
 
 In user 2 run routine
 In user 2 final routine
 User Coupler Final starting
 User Coupler Final starting
 System Test ConcurrentComponent complete.
  PASS  System Test ConcurrentComponent: Array Concurrent Components, ESMF_ConcurrentCompSTest.F90, line 507
 
  System Test ConcurrentComponent: Array Concurrent Components
  SUCCESS: Concurrent Component test finished correctly.
 
 User Coupler Final starting
 System Test ConcurrentComponent complete.
  PASS  System Test ConcurrentComponent: Array Concurrent Components, ESMF_ConcurrentCompSTest.F90, line 507
 System Test ConcurrentComponent complete.
  PASS  System Test ConcurrentComponent: Array Concurrent Components, ESMF_ConcurrentCompSTest.F90, line 507
 
  System Test ConcurrentComponent: Array Concurrent Components
  SUCCESS: Concurrent Component test finished correctly.
 
 System Test ConcurrentComponent complete.
  PASS  System Test ConcurrentComponent: Array Concurrent Components, ESMF_ConcurrentCompSTest.F90, line 507
 
  System Test ConcurrentComponent: Array Concurrent Components
  SUCCESS: Concurrent Component test finished correctly.
 
  PASS  System Test ConcurrentComponent: Array Concurrent Components, ESMF_ConcurrentCompSTest.F90, line 507
 System Test ConcurrentComponent complete.
  PASS  System Test ConcurrentComponent: Array Concurrent Components, ESMF_ConcurrentCompSTest.F90, line 507
 
  System Test ConcurrentComponent: Array Concurrent Components
  SUCCESS: Concurrent Component test finished correctly.
 
 
  System Test ConcurrentComponent: Array Concurrent Components
  SUCCESS: Concurrent Component test finished correctly.
 
 System Test ConcurrentComponent complete.
  PASS  System Test ConcurrentComponent: Array Concurrent Components, ESMF_ConcurrentCompSTest.F90, line 507
 
  System Test ConcurrentComponent: Array Concurrent Components
  SUCCESS: Concurrent Component test finished correctly.
 
