build time -- 2022-07-13 02:32:56
[1657698157.409157] [Orion-03-20:277193:0]       ib_verbs.h:84   UCX  ERROR ibv_exp_query_device(mlx5_0) returned 38: No space left on device
[1657698157.409131] [Orion-03-20:277195:0]       ib_verbs.h:84   UCX  ERROR ibv_exp_query_device(mlx5_0) returned 38: No space left on device
[1657698157.413768] [Orion-03-20:277192:0]       ib_verbs.h:84   UCX  ERROR ibv_exp_query_device(mlx5_0) returned 38: No space left on device
[1657698157.413730] [Orion-03-20:277194:0]       ib_verbs.h:84   UCX  ERROR ibv_exp_query_device(mlx5_0) returned 38: No space left on device
  Beginning Test, file ESMF_FieldGatherUTest.F90, line 58
  NUMBER_OF_PROCESSORS           4
  Beginning Test, file ESMF_FieldGatherUTest.F90, line 58
  NUMBER_OF_PROCESSORS           4
  Beginning Test, file ESMF_FieldGatherUTest.F90, line 58
  NUMBER_OF_PROCESSORS           4
  Beginning Test, file ESMF_FieldGatherUTest.F90, line 58
  NUMBER_OF_PROCESSORS           4
  PASS  FieldGather 1d test, ESMF_FieldGatherUTest.F90, line 72
  PASS  FieldGather 1d test, ESMF_FieldGatherUTest.F90, line 72
  PASS  FieldGather 1d test, ESMF_FieldGatherUTest.F90, line 72
  PASS  FieldGather 1d test, ESMF_FieldGatherUTest.F90, line 72
  PASS  FieldGather 2d test, ESMF_FieldGatherUTest.F90, line 80
  PASS  FieldGather 2d test, ESMF_FieldGatherUTest.F90, line 80
  PASS  FieldGather 2d test, ESMF_FieldGatherUTest.F90, line 80
  PASS  FieldGather 2d test, ESMF_FieldGatherUTest.F90, line 80
  PASS  FieldGather 3d test, ESMF_FieldGatherUTest.F90, line 88
  PASS  FieldGather 3d test, ESMF_FieldGatherUTest.F90, line 88
  PASS  FieldGather 3d test, ESMF_FieldGatherUTest.F90, line 88
  PASS  FieldGather 3d test, ESMF_FieldGatherUTest.F90, line 88
  PASS  FieldScatter 2d test, ESMF_FieldGatherUTest.F90, line 96
  PASS  FieldScatter 2d test, ESMF_FieldGatherUTest.F90, line 96
  Ending Test, file ESMF_FieldGatherUTest.F90, line 99
  PASS  FieldScatter 2d test, ESMF_FieldGatherUTest.F90, line 96
  Ending Test, file ESMF_FieldGatherUTest.F90, line 99
  PASS  FieldScatter 2d test, ESMF_FieldGatherUTest.F90, line 96
  Ending Test, file ESMF_FieldGatherUTest.F90, line 99
  Ending Test, file ESMF_FieldGatherUTest.F90, line 99
  PET           1  Test Elapsed Time    5.4649999999999981       msec.
  PET           2  Test Elapsed Time    5.6650000000000036       msec.
  PET           0  Test Elapsed Time    8.2710000000000008       msec.
  PET           3  Test Elapsed Time    5.4350000000000236       msec.
