build time -- 2022-07-18 06:26:31
  Beginning Test, file ESMF_AttributeUpdateContainerStressUTest.F90, line 792
  NUMBER_OF_PROCESSORS           4
  Beginning Test, file ESMF_AttributeUpdateContainerStressUTest.F90, line 792
  NUMBER_OF_PROCESSORS           4
  Beginning Test, file ESMF_AttributeUpdateContainerStressUTest.F90, line 792
  NUMBER_OF_PROCESSORS           4
  Beginning Test, file ESMF_AttributeUpdateContainerStressUTest.F90, line 792
  NUMBER_OF_PROCESSORS           4
  PASS  Testing for correct value on field2, ESMF_AttributeUpdateContainerStress
 UTest.F90, line 893
  PASS  Testing for correct value on field3, ESMF_AttributeUpdateContainerStress
 UTest.F90, line 905
  PASS  Testing for correct value on field6, ESMF_AttributeUpdateContainerStress
 UTest.F90, line 917
  PASS  Testing for correct value on field7, ESMF_AttributeUpdateContainerStress
 UTest.F90, line 932
  PASS  Testing for correct value on field8, ESMF_AttributeUpdateContainerStress
 UTest.F90, line 945
  Ending Test, file ESMF_AttributeUpdateContainerStressUTest.F90, line 974
  PASS  Testing for correct value on field2, ESMF_AttributeUpdateContainerStress
 UTest.F90, line 893
  PASS  Testing for correct value on field3, ESMF_AttributeUpdateContainerStress
 UTest.F90, line 905
  PASS  Testing for correct value on field6, ESMF_AttributeUpdateContainerStress
 UTest.F90, line 917
  PASS  Testing for correct value on field2, ESMF_AttributeUpdateContainerStress
 UTest.F90, line 893
  PASS  Testing for correct value on field7, ESMF_AttributeUpdateContainerStress
 UTest.F90, line 932
  PASS  Testing for correct value on field8, ESMF_AttributeUpdateContainerStress
 UTest.F90, line 945
  PASS  Testing for correct value on field3, ESMF_AttributeUpdateContainerStress
 UTest.F90, line 905
  PASS  Testing for correct value on field2, ESMF_AttributeUpdateContainerStress
 UTest.F90, line 893
  PASS  Testing for correct value on field6, ESMF_AttributeUpdateContainerStress
 UTest.F90, line 917
  PASS  Testing for correct value on field3, ESMF_AttributeUpdateContainerStress
 UTest.F90, line 905
  Ending Test, file ESMF_AttributeUpdateContainerStressUTest.F90, line 974
  PASS  Testing for correct value on field6, ESMF_AttributeUpdateContainerStress
 UTest.F90, line 917
  PASS  Testing for correct value on field7, ESMF_AttributeUpdateContainerStress
 UTest.F90, line 932
  PASS  Testing for correct value on field8, ESMF_AttributeUpdateContainerStress
 UTest.F90, line 945
  PASS  Testing for correct value on field7, ESMF_AttributeUpdateContainerStress
 UTest.F90, line 932
  PASS  Testing for correct value on field8, ESMF_AttributeUpdateContainerStress
 UTest.F90, line 945
  Ending Test, file ESMF_AttributeUpdateContainerStressUTest.F90, line 974
  Ending Test, file ESMF_AttributeUpdateContainerStressUTest.F90, line 974
  PET           3  Test Elapsed Time    20.0210000000000       msec.
  PET           0  Test Elapsed Time    20.2730000000000       msec.
  PET           1  Test Elapsed Time    15.3160000000000       msec.
  PET           2  Test Elapsed Time    20.3430000000000       msec.
