build time -- 2022-06-17 08:57:30.158862
srun: cluster configuration lacks support for cpu binding
  Beginning Test, file ESMF_VMBroadcastUTest.F90, line 84
  Beginning Test, file ESMF_VMBroadcastUTest.F90, line 84
  NUMBER_OF_PROCESSORS           4
  PASS  Broadcasting 1D integer data Test, ESMF_VMBroadcastUTest.F90, line 158
  Beginning Test, file ESMF_VMBroadcastUTest.F90, line 84
  NUMBER_OF_PROCESSORS           4
  PASS  Broadcasting 1D integer data Test, ESMF_VMBroadcastUTest.F90, line 158
  PASS  Verify local data after broadcast Test, ESMF_VMBroadcastUTest.F90, line 169
  Beginning Test, file ESMF_VMBroadcastUTest.F90, line 84
  NUMBER_OF_PROCESSORS           4
  PASS  Broadcasting 1D integer data Test, ESMF_VMBroadcastUTest.F90, line 158
  PASS  Verify local data after broadcast Test, ESMF_VMBroadcastUTest.F90, line 169
  PASS  Broadcasting 2D integer data Test, ESMF_VMBroadcastUTest.F90, line 180
  PASS  Verify local data after broadcast Test, ESMF_VMBroadcastUTest.F90, line 193
  PASS  Broadcasting 3D integer data Test, ESMF_VMBroadcastUTest.F90, line 204
  PASS  Verify local data after broadcast Test, ESMF_VMBroadcastUTest.F90, line 220
  PASS  Broadcasting 1D real R4 data Test, ESMF_VMBroadcastUTest.F90, line 231
  PASS  Verify local data after broadcast Test, ESMF_VMBroadcastUTest.F90, line 242
  PASS  Broadcasting 1D real R8 data Test, ESMF_VMBroadcastUTest.F90, line 253
  PASS  Verify local data after broadcast Test, ESMF_VMBroadcastUTest.F90, line 169
  PASS  Broadcasting 2D integer data Test, ESMF_VMBroadcastUTest.F90, line 180
  PASS  Verify local data after broadcast Test, ESMF_VMBroadcastUTest.F90, line 193
  PASS  Broadcasting 3D integer data Test, ESMF_VMBroadcastUTest.F90, line 204
  PASS  Verify local data after broadcast Test, ESMF_VMBroadcastUTest.F90, line 220
  PASS  Broadcasting 1D real R4 data Test, ESMF_VMBroadcastUTest.F90, line 231
  PASS  Verify local data after broadcast Test, ESMF_VMBroadcastUTest.F90, line 242
  PASS  Broadcasting 1D real R8 data Test, ESMF_VMBroadcastUTest.F90, line 253
  PASS  Broadcasting 2D integer data Test, ESMF_VMBroadcastUTest.F90, line 180
  PASS  Verify local data after broadcast Test, ESMF_VMBroadcastUTest.F90, line 193
  PASS  Broadcasting 3D integer data Test, ESMF_VMBroadcastUTest.F90, line 204
  PASS  Verify local data after broadcast Test, ESMF_VMBroadcastUTest.F90, line 220
  PASS  Broadcasting 1D real R4 data Test, ESMF_VMBroadcastUTest.F90, line 231
  PASS  Verify local data after broadcast Test, ESMF_VMBroadcastUTest.F90, line 242
  PASS  Broadcasting 1D real R8 data Test, ESMF_VMBroadcastUTest.F90, line 253
  PASS  Verify local data after broadcast Test, ESMF_VMBroadcastUTest.F90, line 264
  PASS  Verify local data after broadcast Test, ESMF_VMBroadcastUTest.F90, line 264
  PASS  Verify local data after broadcast Test, ESMF_VMBroadcastUTest.F90, line 264
  PASS  Broadcasting 1D logical data Test, ESMF_VMBroadcastUTest.F90, line 275
  PASS  Broadcasting 1D logical data Test, ESMF_VMBroadcastUTest.F90, line 275
  PASS  Verify local data after broadcast Test, ESMF_VMBroadcastUTest.F90, line 286
  PASS  Broadcasting 1D logical data Test, ESMF_VMBroadcastUTest.F90, line 275
  PASS  Verify local data after broadcast Test, ESMF_VMBroadcastUTest.F90, line 286
  PASS  Creating VMId array Test, ESMF_VMBroadcastUTest.F90, line 298
  NUMBER_OF_PROCESSORS           4
  PASS  Creating VMId array Test, ESMF_VMBroadcastUTest.F90, line 298
  PASS  Inserting dummy data into VMId array Test, ESMF_VMBroadcastUTest.F90, line 315
  PASS  Inserting dummy data into VMId array Test, ESMF_VMBroadcastUTest.F90, line 315
  PASS  Verify local data after broadcast Test, ESMF_VMBroadcastUTest.F90, line 286
  PASS  Creating VMId solutions array Test, ESMF_VMBroadcastUTest.F90, line 324
  PASS  Broadcasting 1D integer data Test, ESMF_VMBroadcastUTest.F90, line 158
  PASS  Creating VMId solutions array Test, ESMF_VMBroadcastUTest.F90, line 324
  PASS  Verify local data after broadcast Test, ESMF_VMBroadcastUTest.F90, line 169
  PASS  Creating VMId array Test, ESMF_VMBroadcastUTest.F90, line 298
  PASS  Inserting dummy data into VMId solution array Test, ESMF_VMBroadcastUTest.F90, line 337
  PASS  Broadcasting 2D integer data Test, ESMF_VMBroadcastUTest.F90, line 180
  PASS  Inserting dummy data into VMId array Test, ESMF_VMBroadcastUTest.F90, line 315
  PASS  Creating VMId solutions array Test, ESMF_VMBroadcastUTest.F90, line 324
  PASS  Inserting dummy data into VMId solution array Test, ESMF_VMBroadcastUTest.F90, line 337
  PASS  Verify local data after broadcast Test, ESMF_VMBroadcastUTest.F90, line 193
  PASS  Inserting dummy data into VMId solution array Test, ESMF_VMBroadcastUTest.F90, line 337
  PASS  Broadcasting 3D integer data Test, ESMF_VMBroadcastUTest.F90, line 204
  PASS  Broadcasting VMId data Test, ESMF_VMBroadcastUTest.F90, line 347
  PASS  Broadcasting VMId data Test, ESMF_VMBroadcastUTest.F90, line 347
  PASS  Broadcasting VMId data Test, ESMF_VMBroadcastUTest.F90, line 347
  PASS  ID/Key extraction VMId data after broadcast Test, ESMF_VMBroadcastUTest.F90, line 366
  PASS  ID/Key extraction VMId data after broadcast Test, ESMF_VMBroadcastUTest.F90, line 366
  PASS  Verify VMId data after broadcast Test, ESMF_VMBroadcastUTest.F90, line 374
  PASS  ID/Key extraction VMId data after broadcast Test, ESMF_VMBroadcastUTest.F90, line 366
  PASS  Verify VMId data after broadcast Test, ESMF_VMBroadcastUTest.F90, line 387
  PASS  Verify VMId data after broadcast Test, ESMF_VMBroadcastUTest.F90, line 374
  PASS  Verify VMId data after broadcast Test, ESMF_VMBroadcastUTest.F90, line 374
  PASS  Verify VMId data after broadcast Test, ESMF_VMBroadcastUTest.F90, line 387
  PASS  Verify local data after broadcast Test, ESMF_VMBroadcastUTest.F90, line 220
  PASS  Releasing VMId array Test, ESMF_VMBroadcastUTest.F90, line 395
  PASS  Releasing VMId solution array Test, ESMF_VMBroadcastUTest.F90, line 405
  PASS  Verify VMId data after broadcast Test, ESMF_VMBroadcastUTest.F90, line 387
  PASS  Releasing VMId array Test, ESMF_VMBroadcastUTest.F90, line 395
  PASS  Broadcasting 1D real R4 data Test, ESMF_VMBroadcastUTest.F90, line 231
  PASS  Verify local data after broadcast Test, ESMF_VMBroadcastUTest.F90, line 242
  Ending Test, file ESMF_VMBroadcastUTest.F90, line 422
  PASS  Releasing VMId array Test, ESMF_VMBroadcastUTest.F90, line 395
  PASS  Broadcasting 1D real R8 data Test, ESMF_VMBroadcastUTest.F90, line 253
  PASS  Releasing VMId solution array Test, ESMF_VMBroadcastUTest.F90, line 405
  Ending Test, file ESMF_VMBroadcastUTest.F90, line 422
  PASS  Releasing VMId solution array Test, ESMF_VMBroadcastUTest.F90, line 405
  Ending Test, file ESMF_VMBroadcastUTest.F90, line 422
  PASS  Verify local data after broadcast Test, ESMF_VMBroadcastUTest.F90, line 264
  PASS  Broadcasting 1D logical data Test, ESMF_VMBroadcastUTest.F90, line 275
  PASS  Verify local data after broadcast Test, ESMF_VMBroadcastUTest.F90, line 286
  PASS  Creating VMId array Test, ESMF_VMBroadcastUTest.F90, line 298
  PASS  Inserting dummy data into VMId array Test, ESMF_VMBroadcastUTest.F90, line 315
  PASS  Creating VMId solutions array Test, ESMF_VMBroadcastUTest.F90, line 324
  PASS  Inserting dummy data into VMId solution array Test, ESMF_VMBroadcastUTest.F90, line 337
  PASS  Broadcasting VMId data Test, ESMF_VMBroadcastUTest.F90, line 347
  PASS  ID/Key extraction VMId data after broadcast Test, ESMF_VMBroadcastUTest.F90, line 366
  PASS  Verify VMId data after broadcast Test, ESMF_VMBroadcastUTest.F90, line 374
  PASS  Verify VMId data after broadcast Test, ESMF_VMBroadcastUTest.F90, line 387
  PASS  Releasing VMId array Test, ESMF_VMBroadcastUTest.F90, line 395
  PASS  Releasing VMId solution array Test, ESMF_VMBroadcastUTest.F90, line 405
  Ending Test, file ESMF_VMBroadcastUTest.F90, line 422
  PET           0  Test Elapsed Time    7.1780000000000177       msec.
  PET           1  Test Elapsed Time    12.272000000000006       msec.
  PET           2  Test Elapsed Time    11.937000000000003       msec.
  PET           3  Test Elapsed Time    9.9130000000000056       msec.
